Archive member included because of file (symbol)

c:/winavr-20070525/bin/../lib/gcc/avr/4.1.2/avr5\libgcc.a(_exit.o)
                              c:/winavr-20070525/bin/../lib/gcc/avr/4.1.2/../../../../avr/lib/avr5/crtm644.o (exit)
c:/winavr-20070525/bin/../lib/gcc/avr/4.1.2/avr5\libgcc.a(_copy_data.o)
                              Main.o (__do_copy_data)
c:/winavr-20070525/bin/../lib/gcc/avr/4.1.2/avr5\libgcc.a(_clear_bss.o)
                              Main.o (__do_clear_bss)
c:/winavr-20070525/bin/../lib/gcc/avr/4.1.2/../../../../avr/lib/avr5\libc.a(strcpy.o)
                              avrstdio.o (strcpy)

Allocating common symbols
Common symbol       size              file

x                   0x8               Main.o
s                   0x1               Main.o
str                 0x32              Main.o

Discarded input sections

 .stabstr       0x00000000        0x0 c:/winavr-20070525/bin/../lib/gcc/avr/4.1.2/../../../../avr/lib/avr5/crtm644.o

Memory Configuration

Name             Origin             Length             Attributes
text             0x00000000         0x00020000         xr
data             0x00800060         0x0000ffa0         rw !x
eeprom           0x00810000         0x00010000         rw !x
*default*        0x00000000         0xffffffff

Linker script and memory map

Address of section .data set to 0x800100
LOAD c:/winavr-20070525/bin/../lib/gcc/avr/4.1.2/../../../../avr/lib/avr5/crtm644.o
LOAD Main.o
LOAD avrstdio.o
LOAD c:/winavr-20070525/bin/../lib/gcc/avr/4.1.2/../../../../avr/lib/avr5\libm.a
LOAD c:/winavr-20070525/bin/../lib/gcc/avr/4.1.2/avr5\libgcc.a
LOAD c:/winavr-20070525/bin/../lib/gcc/avr/4.1.2/../../../../avr/lib/avr5\libc.a
LOAD c:/winavr-20070525/bin/../lib/gcc/avr/4.1.2/avr5\libgcc.a

.hash
 *(.hash)

.dynsym
 *(.dynsym)

.dynstr
 *(.dynstr)

.gnu.version
 *(.gnu.version)

.gnu.version_d
 *(.gnu.version_d)

.gnu.version_r
 *(.gnu.version_r)

.rel.init
 *(.rel.init)

.rela.init
 *(.rela.init)

.rel.text
 *(.rel.text)
 *(.rel.text.*)
 *(.rel.gnu.linkonce.t*)

.rela.text
 *(.rela.text)
 *(.rela.text.*)
 *(.rela.gnu.linkonce.t*)

.rel.fini
 *(.rel.fini)

.rela.fini
 *(.rela.fini)

.rel.rodata
 *(.rel.rodata)
 *(.rel.rodata.*)
 *(.rel.gnu.linkonce.r*)

.rela.rodata
 *(.rela.rodata)
 *(.rela.rodata.*)
 *(.rela.gnu.linkonce.r*)

.rel.data
 *(.rel.data)
 *(.rel.data.*)
 *(.rel.gnu.linkonce.d*)

.rela.data
 *(.rela.data)
 *(.rela.data.*)
 *(.rela.gnu.linkonce.d*)

.rel.ctors
 *(.rel.ctors)

.rela.ctors
 *(.rela.ctors)

.rel.dtors
 *(.rel.dtors)

.rela.dtors
 *(.rela.dtors)

.rel.got
 *(.rel.got)

.rela.got
 *(.rela.got)

.rel.bss
 *(.rel.bss)

.rela.bss
 *(.rela.bss)

.rel.plt
 *(.rel.plt)

.rela.plt
 *(.rela.plt)

.text           0x00000000      0x7a6
 *(.vectors)
 .vectors       0x00000000       0x70 c:/winavr-20070525/bin/../lib/gcc/avr/4.1.2/../../../../avr/lib/avr5/crtm644.o
                0x00000000                __vectors
                0x00000000                __vector_default
 *(.vectors)
 *(.progmem.gcc*)
 *(.progmem*)
                0x00000070                . = ALIGN (0x2)
                0x00000070                __trampolines_start = .
 *(.trampolines)
 .trampolines   0x00000070        0x0 linker stubs
 *(.trampolines*)
                0x00000070                __trampolines_end = .
 *(.jumptables)
 *(.jumptables*)
 *(.lowtext)
 *(.lowtext*)
                0x00000070                __ctors_start = .
 *(.ctors)
                0x00000070                __ctors_end = .
                0x00000070                __dtors_start = .
 *(.dtors)
                0x00000070                __dtors_end = .
 SORT(*)(.ctors)
 SORT(*)(.dtors)
 *(.init0)
 .init0         0x00000070        0x0 c:/winavr-20070525/bin/../lib/gcc/avr/4.1.2/../../../../avr/lib/avr5/crtm644.o
                0x00000070                __init
 *(.init0)
 *(.init1)
 *(.init1)
 *(.init2)
 .init2         0x00000070        0xc c:/winavr-20070525/bin/../lib/gcc/avr/4.1.2/../../../../avr/lib/avr5/crtm644.o
 *(.init2)
 *(.init3)
 *(.init3)
 *(.init4)
 .init4         0x0000007c       0x16 c:/winavr-20070525/bin/../lib/gcc/avr/4.1.2/avr5\libgcc.a(_copy_data.o)
                0x0000007c                __do_copy_data
 .init4         0x00000092       0x10 c:/winavr-20070525/bin/../lib/gcc/avr/4.1.2/avr5\libgcc.a(_clear_bss.o)
                0x00000092                __do_clear_bss
 *(.init4)
 *(.init5)
 *(.init5)
 *(.init6)
 *(.init6)
 *(.init7)
 *(.init7)
 *(.init8)
 *(.init8)
 *(.init9)
 .init9         0x000000a2        0x8 c:/winavr-20070525/bin/../lib/gcc/avr/4.1.2/../../../../avr/lib/avr5/crtm644.o
 *(.init9)
 *(.text)
 .text          0x000000aa        0x4 c:/winavr-20070525/bin/../lib/gcc/avr/4.1.2/../../../../avr/lib/avr5/crtm644.o
                0x000000aa                __vector_22
                0x000000aa                __vector_1
                0x000000aa                __vector_24
                0x000000aa                __vector_12
                0x000000aa                __bad_interrupt
                0x000000aa                __vector_6
                0x000000aa                __vector_3
                0x000000aa                __vector_23
                0x000000aa                __vector_25
                0x000000aa                __vector_11
                0x000000aa                __vector_13
                0x000000aa                __vector_17
                0x000000aa                __vector_19
                0x000000aa                __vector_7
                0x000000aa                __vector_27
                0x000000aa                __vector_5
                0x000000aa                __vector_4
                0x000000aa                __vector_9
                0x000000aa                __vector_2
                0x000000aa                __vector_21
                0x000000aa                __vector_15
                0x000000aa                __vector_8
                0x000000aa                __vector_26
                0x000000aa                __vector_14
                0x000000aa                __vector_10
                0x000000aa                __vector_16
                0x000000aa                __vector_18
                0x000000aa                __vector_20
 .text          0x000000ae       0x68 Main.o
                0x000000ae                main
 .text          0x00000116      0x680 avrstdio.o
                0x00000116                enable_uart
                0x00000590                uprintf
                0x0000013e                rxb
                0x0000012e                txb
                0x00000152                uscanf
 .text          0x00000796        0x0 c:/winavr-20070525/bin/../lib/gcc/avr/4.1.2/avr5\libgcc.a(_exit.o)
 .text          0x00000796        0x0 c:/winavr-20070525/bin/../lib/gcc/avr/4.1.2/avr5\libgcc.a(_copy_data.o)
 .text          0x00000796        0x0 c:/winavr-20070525/bin/../lib/gcc/avr/4.1.2/avr5\libgcc.a(_clear_bss.o)
 .text          0x00000796        0xe c:/winavr-20070525/bin/../lib/gcc/avr/4.1.2/../../../../avr/lib/avr5\libc.a(strcpy.o)
                0x00000796                strcpy
                0x000007a4                . = ALIGN (0x2)
 *(.text.*)
 .text.libgcc   0x000007a4        0x0 c:/winavr-20070525/bin/../lib/gcc/avr/4.1.2/avr5\libgcc.a(_exit.o)
 .text.libgcc   0x000007a4        0x0 c:/winavr-20070525/bin/../lib/gcc/avr/4.1.2/avr5\libgcc.a(_copy_data.o)
 .text.libgcc   0x000007a4        0x0 c:/winavr-20070525/bin/../lib/gcc/avr/4.1.2/avr5\libgcc.a(_clear_bss.o)
                0x000007a4                . = ALIGN (0x2)
 *(.fini9)
 .fini9         0x000007a4        0x0 c:/winavr-20070525/bin/../lib/gcc/avr/4.1.2/avr5\libgcc.a(_exit.o)
                0x000007a4                exit
                0x000007a4                _exit
 *(.fini9)
 *(.fini8)
 *(.fini8)
 *(.fini7)
 *(.fini7)
 *(.fini6)
 *(.fini6)
 *(.fini5)
 *(.fini5)
 *(.fini4)
 *(.fini4)
 *(.fini3)
 *(.fini3)
 *(.fini2)
 *(.fini2)
 *(.fini1)
 *(.fini1)
 *(.fini0)
 .fini0         0x000007a4        0x2 c:/winavr-20070525/bin/../lib/gcc/avr/4.1.2/avr5\libgcc.a(_exit.o)
 *(.fini0)
                0x000007a6                _etext = .

.data           0x00800100       0x34 load address 0x000007a6
                0x00800100                PROVIDE (__data_start, .)
 *(.data)
 .data          0x00800100        0x0 c:/winavr-20070525/bin/../lib/gcc/avr/4.1.2/../../../../avr/lib/avr5/crtm644.o
 .data          0x00800100       0x32 Main.o
 .data          0x00800132        0x1 avrstdio.o
 .data          0x00800133        0x0 c:/winavr-20070525/bin/../lib/gcc/avr/4.1.2/avr5\libgcc.a(_exit.o)
 .data          0x00800133        0x0 c:/winavr-20070525/bin/../lib/gcc/avr/4.1.2/avr5\libgcc.a(_copy_data.o)
 .data          0x00800133        0x0 c:/winavr-20070525/bin/../lib/gcc/avr/4.1.2/avr5\libgcc.a(_clear_bss.o)
 .data          0x00800133        0x0 c:/winavr-20070525/bin/../lib/gcc/avr/4.1.2/../../../../avr/lib/avr5\libc.a(strcpy.o)
 *(.data*)
 *(.rodata)
 *(.rodata*)
 *(.gnu.linkonce.d*)
                0x00800134                . = ALIGN (0x2)
 *fill*         0x00800133        0x1 00
                0x00800134                _edata = .
                0x00800134                PROVIDE (__data_end, .)

.bss            0x00800134       0x3b
                0x00800134                PROVIDE (__bss_start, .)
 *(.bss)
 .bss           0x00800134        0x0 c:/winavr-20070525/bin/../lib/gcc/avr/4.1.2/../../../../avr/lib/avr5/crtm644.o
 .bss           0x00800134        0x0 Main.o
 .bss           0x00800134        0x0 avrstdio.o
 .bss           0x00800134        0x0 c:/winavr-20070525/bin/../lib/gcc/avr/4.1.2/avr5\libgcc.a(_exit.o)
 .bss           0x00800134        0x0 c:/winavr-20070525/bin/../lib/gcc/avr/4.1.2/avr5\libgcc.a(_copy_data.o)
 .bss           0x00800134        0x0 c:/winavr-20070525/bin/../lib/gcc/avr/4.1.2/avr5\libgcc.a(_clear_bss.o)
 .bss           0x00800134        0x0 c:/winavr-20070525/bin/../lib/gcc/avr/4.1.2/../../../../avr/lib/avr5\libc.a(strcpy.o)
 *(.bss*)
 *(COMMON)
 COMMON         0x00800134       0x3b Main.o
                0x00800134                x
                0x0080013c                s
                0x0080013d                str
                0x0080016f                PROVIDE (__bss_end, .)
                0x000007a6                __data_load_start = LOADADDR (.data)
                0x000007da                __data_load_end = (__data_load_start + SIZEOF (.data))

.noinit         0x0080016f        0x0
                0x0080016f                PROVIDE (__noinit_start, .)
 *(.noinit*)
                0x0080016f                PROVIDE (__noinit_end, .)
                0x0080016f                _end = .
                0x0080016f                PROVIDE (__heap_start, .)

.eeprom         0x00810000        0x0
 *(.eeprom*)
                0x00810000                __eeprom_end = .

.stab           0x00000000      0x378
 *(.stab)
 .stab          0x00000000      0x378 c:/winavr-20070525/bin/../lib/gcc/avr/4.1.2/../../../../avr/lib/avr5/crtm644.o

.stabstr        0x00000000       0x71
 *(.stabstr)
 .stabstr       0x00000000       0x71 c:/winavr-20070525/bin/../lib/gcc/avr/4.1.2/../../../../avr/lib/avr5/crtm644.o

.stab.excl
 *(.stab.excl)

.stab.exclstr
 *(.stab.exclstr)

.stab.index
 *(.stab.index)

.stab.indexstr
 *(.stab.indexstr)

.comment
 *(.comment)

.debug
 *(.debug)

.line
 *(.line)

.debug_srcinfo
 *(.debug_srcinfo)

.debug_sfnames
 *(.debug_sfnames)

.debug_aranges  0x00000000       0x40
 *(.debug_aranges)
 .debug_aranges
                0x00000000       0x20 Main.o
 .debug_aranges
                0x00000020       0x20 avrstdio.o

.debug_pubnames
                0x00000000       0x8c
 *(.debug_pubnames)
 .debug_pubnames
                0x00000000       0x2f Main.o
 .debug_pubnames
                0x0000002f       0x5d avrstdio.o

.debug_info     0x00000000      0x365
 *(.debug_info)
 .debug_info    0x00000000      0x174 Main.o
 .debug_info    0x00000174      0x1f1 avrstdio.o
 *(.gnu.linkonce.wi.*)

.debug_abbrev   0x00000000      0x210
 *(.debug_abbrev)
 .debug_abbrev  0x00000000       0xd4 Main.o
 .debug_abbrev  0x000000d4      0x13c avrstdio.o

.debug_line     0x00000000      0x361
 *(.debug_line)
 .debug_line    0x00000000      0x166 Main.o
 .debug_line    0x00000166      0x1fb avrstdio.o

.debug_frame    0x00000000       0x80
 *(.debug_frame)
 .debug_frame   0x00000000       0x20 Main.o
 .debug_frame   0x00000020       0x60 avrstdio.o

.debug_str      0x00000000      0x100
 *(.debug_str)
 .debug_str     0x00000000       0xb7 Main.o
                                 0xf0 (size before relaxing)
 .debug_str     0x000000b7       0x49 avrstdio.o
                                0x107 (size before relaxing)

.debug_loc      0x00000000      0x2c7
 *(.debug_loc)
 .debug_loc     0x00000000       0x90 Main.o
 .debug_loc     0x00000090      0x237 avrstdio.o

.debug_macinfo
 *(.debug_macinfo)
OUTPUT(Main.elf elf32-avr)
LOAD linker stubs

Cross Reference Table

Symbol                                            File
__bad_interrupt                                   c:/winavr-20070525/bin/../lib/gcc/avr/4.1.2/../../../../avr/lib/avr5/crtm644.o
__bss_end                                         c:/winavr-20070525/bin/../lib/gcc/avr/4.1.2/avr5\libgcc.a(_clear_bss.o)
__bss_start                                       c:/winavr-20070525/bin/../lib/gcc/avr/4.1.2/avr5\libgcc.a(_clear_bss.o)
__data_end                                        c:/winavr-20070525/bin/../lib/gcc/avr/4.1.2/avr5\libgcc.a(_copy_data.o)
__data_load_start                                 c:/winavr-20070525/bin/../lib/gcc/avr/4.1.2/avr5\libgcc.a(_copy_data.o)
__data_start                                      c:/winavr-20070525/bin/../lib/gcc/avr/4.1.2/avr5\libgcc.a(_copy_data.o)
__do_clear_bss                                    c:/winavr-20070525/bin/../lib/gcc/avr/4.1.2/avr5\libgcc.a(_clear_bss.o)
                                                  avrstdio.o
                                                  Main.o
__do_copy_data                                    c:/winavr-20070525/bin/../lib/gcc/avr/4.1.2/avr5\libgcc.a(_copy_data.o)
                                                  avrstdio.o
                                                  Main.o
__heap_end                                        c:/winavr-20070525/bin/../lib/gcc/avr/4.1.2/../../../../avr/lib/avr5/crtm644.o
__init                                            c:/winavr-20070525/bin/../lib/gcc/avr/4.1.2/../../../../avr/lib/avr5/crtm644.o
__stack                                           c:/winavr-20070525/bin/../lib/gcc/avr/4.1.2/../../../../avr/lib/avr5/crtm644.o
__vector_1                                        c:/winavr-20070525/bin/../lib/gcc/avr/4.1.2/../../../../avr/lib/avr5/crtm644.o
__vector_10                                       c:/winavr-20070525/bin/../lib/gcc/avr/4.1.2/../../../../avr/lib/avr5/crtm644.o
__vector_11                                       c:/winavr-20070525/bin/../lib/gcc/avr/4.1.2/../../../../avr/lib/avr5/crtm644.o
__vector_12                                       c:/winavr-20070525/bin/../lib/gcc/avr/4.1.2/../../../../avr/lib/avr5/crtm644.o
__vector_13                                       c:/winavr-20070525/bin/../lib/gcc/avr/4.1.2/../../../../avr/lib/avr5/crtm644.o
__vector_14                                       c:/winavr-20070525/bin/../lib/gcc/avr/4.1.2/../../../../avr/lib/avr5/crtm644.o
__vector_15                                       c:/winavr-20070525/bin/../lib/gcc/avr/4.1.2/../../../../avr/lib/avr5/crtm644.o
__vector_16                                       c:/winavr-20070525/bin/../lib/gcc/avr/4.1.2/../../../../avr/lib/avr5/crtm644.o
__vector_17                                       c:/winavr-20070525/bin/../lib/gcc/avr/4.1.2/../../../../avr/lib/avr5/crtm644.o
__vector_18                                       c:/winavr-20070525/bin/../lib/gcc/avr/4.1.2/../../../../avr/lib/avr5/crtm644.o
__vector_19                                       c:/winavr-20070525/bin/../lib/gcc/avr/4.1.2/../../../../avr/lib/avr5/crtm644.o
__vector_2                                        c:/winavr-20070525/bin/../lib/gcc/avr/4.1.2/../../../../avr/lib/avr5/crtm644.o
__vector_20                                       c:/winavr-20070525/bin/../lib/gcc/avr/4.1.2/../../../../avr/lib/avr5/crtm644.o
__vector_21                                       c:/winavr-20070525/bin/../lib/gcc/avr/4.1.2/../../../../avr/lib/avr5/crtm644.o
__vector_22                                       c:/winavr-20070525/bin/../lib/gcc/avr/4.1.2/../../../../avr/lib/avr5/crtm644.o
__vector_23                                       c:/winavr-20070525/bin/../lib/gcc/avr/4.1.2/../../../../avr/lib/avr5/crtm644.o
__vector_24                                       c:/winavr-20070525/bin/../lib/gcc/avr/4.1.2/../../../../avr/lib/avr5/crtm644.o
__vector_25                                       c:/winavr-20070525/bin/../lib/gcc/avr/4.1.2/../../../../avr/lib/avr5/crtm644.o
__vector_26                                       c:/winavr-20070525/bin/../lib/gcc/avr/4.1.2/../../../../avr/lib/avr5/crtm644.o
__vector_27                                       c:/winavr-20070525/bin/../lib/gcc/avr/4.1.2/../../../../avr/lib/avr5/crtm644.o
__vector_3                                        c:/winavr-20070525/bin/../lib/gcc/avr/4.1.2/../../../../avr/lib/avr5/crtm644.o
__vector_4                                        c:/winavr-20070525/bin/../lib/gcc/avr/4.1.2/../../../../avr/lib/avr5/crtm644.o
__vector_5                                        c:/winavr-20070525/bin/../lib/gcc/avr/4.1.2/../../../../avr/lib/avr5/crtm644.o
__vector_6                                        c:/winavr-20070525/bin/../lib/gcc/avr/4.1.2/../../../../avr/lib/avr5/crtm644.o
__vector_7                                        c:/winavr-20070525/bin/../lib/gcc/avr/4.1.2/../../../../avr/lib/avr5/crtm644.o
__vector_8                                        c:/winavr-20070525/bin/../lib/gcc/avr/4.1.2/../../../../avr/lib/avr5/crtm644.o
__vector_9                                        c:/winavr-20070525/bin/../lib/gcc/avr/4.1.2/../../../../avr/lib/avr5/crtm644.o
__vector_default                                  c:/winavr-20070525/bin/../lib/gcc/avr/4.1.2/../../../../avr/lib/avr5/crtm644.o
__vectors                                         c:/winavr-20070525/bin/../lib/gcc/avr/4.1.2/../../../../avr/lib/avr5/crtm644.o
_exit                                             c:/winavr-20070525/bin/../lib/gcc/avr/4.1.2/avr5\libgcc.a(_exit.o)
enable_uart                                       avrstdio.o
                                                  Main.o
exit                                              c:/winavr-20070525/bin/../lib/gcc/avr/4.1.2/avr5\libgcc.a(_exit.o)
                                                  c:/winavr-20070525/bin/../lib/gcc/avr/4.1.2/../../../../avr/lib/avr5/crtm644.o
main                                              Main.o
                                                  c:/winavr-20070525/bin/../lib/gcc/avr/4.1.2/../../../../avr/lib/avr5/crtm644.o
rxb                                               avrstdio.o
s                                                 avrstdio.o
                                                  Main.o
str                                               avrstdio.o
                                                  Main.o
strcpy                                            c:/winavr-20070525/bin/../lib/gcc/avr/4.1.2/../../../../avr/lib/avr5\libc.a(strcpy.o)
                                                  avrstdio.o
txb                                               avrstdio.o
uprintf                                           avrstdio.o
                                                  Main.o
uscanf                                            avrstdio.o
x                                                 avrstdio.o
                                                  Main.o
