Archive member included because of file (symbol)

c:/winavr/bin/../lib/gcc/avr/4.1.1/avr5\libgcc.a(_copy_data.o)
                              main.o (__do_copy_data)
c:/winavr/bin/../lib/gcc/avr/4.1.1/avr5\libgcc.a(_clear_bss.o)
                              main.o (__do_clear_bss)
c:/winavr/bin/../lib/gcc/avr/4.1.1/../../../../avr/lib/avr5\libc.a(atoi.o)
                              main.o (atoi)
c:/winavr/bin/../lib/gcc/avr/4.1.1/../../../../avr/lib/avr5\libc.a(strcpy.o)
                              main.o (strcpy)
c:/winavr/bin/../lib/gcc/avr/4.1.1/../../../../avr/lib/avr5\libc.a(strncmp.o)
                              main.o (strncmp)
c:/winavr/bin/../lib/gcc/avr/4.1.1/../../../../avr/lib/avr5\libc.a(itoa.o)
                              main.o (itoa)
c:/winavr/bin/../lib/gcc/avr/4.1.1/../../../../avr/lib/avr5\libc.a(mul10.o)
                              c:/winavr/bin/../lib/gcc/avr/4.1.1/../../../../avr/lib/avr5\libc.a(atoi.o) (__mulhi_const_10)
c:/winavr/bin/../lib/gcc/avr/4.1.1/../../../../avr/lib/avr5\libc.a(strrev.o)
                              c:/winavr/bin/../lib/gcc/avr/4.1.1/../../../../avr/lib/avr5\libc.a(itoa.o) (strrev)
c:/winavr/bin/../lib/gcc/avr/4.1.1/avr5\libgcc.a(_udivmodhi4.o)
                              c:/winavr/bin/../lib/gcc/avr/4.1.1/../../../../avr/lib/avr5\libc.a(itoa.o) (__udivmodhi4)

Allocating common symbols
Common symbol       size              file

counttopulse        0x4               servo.o
x                   0x8               main.o
ReceiveStr          0x32              main.o
cntR                0x8               main.o
loop_count          0x2               main.o
dirR                0x1               main.o
reload              0x2               servo.o
dumb                0x14              main.o
cntL                0x8               main.o
wit                 0x4               main.o
counter             0x4               servo.o
plsref              0x2               servo.o
s                   0x1               main.o
str                 0x32              main.o
dirL                0x1               main.o
dis                 0x2               main.o
convert             0x2               main.o

Discarded input sections

 .stabstr       0x00000000        0x0 c:/winavr/bin/../lib/gcc/avr/4.1.1/../../../../avr/lib/avr5/crtm32.o

Memory Configuration

Name             Origin             Length             Attributes
text             0x00000000         0x00020000         xr
data             0x00800060         0x0000ffa0         rw !x
eeprom           0x00810000         0x00010000         rw !x
*default*        0x00000000         0xffffffff

Linker script and memory map

LOAD c:/winavr/bin/../lib/gcc/avr/4.1.1/../../../../avr/lib/avr5/crtm32.o
LOAD main.o
LOAD avrstdio.o
LOAD encoders.o
LOAD i2c.o
LOAD M32io2.o
LOAD servo.o
LOAD timer1PWM.o
LOAD adc.o
LOAD srf02.o
LOAD c:/winavr/bin/../lib/gcc/avr/4.1.1/../../../../avr/lib/avr5\libm.a
LOAD c:/winavr/bin/../lib/gcc/avr/4.1.1/avr5\libgcc.a
LOAD c:/winavr/bin/../lib/gcc/avr/4.1.1/../../../../avr/lib/avr5\libc.a
LOAD c:/winavr/bin/../lib/gcc/avr/4.1.1/avr5\libgcc.a

.hash
 *(.hash)

.dynsym
 *(.dynsym)

.dynstr
 *(.dynstr)

.gnu.version
 *(.gnu.version)

.gnu.version_d
 *(.gnu.version_d)

.gnu.version_r
 *(.gnu.version_r)

.rel.init
 *(.rel.init)

.rela.init
 *(.rela.init)

.rel.text
 *(.rel.text)
 *(.rel.text.*)
 *(.rel.gnu.linkonce.t*)

.rela.text
 *(.rela.text)
 *(.rela.text.*)
 *(.rela.gnu.linkonce.t*)

.rel.fini
 *(.rel.fini)

.rela.fini
 *(.rela.fini)

.rel.rodata
 *(.rel.rodata)
 *(.rel.rodata.*)
 *(.rel.gnu.linkonce.r*)

.rela.rodata
 *(.rela.rodata)
 *(.rela.rodata.*)
 *(.rela.gnu.linkonce.r*)

.rel.data
 *(.rel.data)
 *(.rel.data.*)
 *(.rel.gnu.linkonce.d*)

.rela.data
 *(.rela.data)
 *(.rela.data.*)
 *(.rela.gnu.linkonce.d*)

.rel.ctors
 *(.rel.ctors)

.rela.ctors
 *(.rela.ctors)

.rel.dtors
 *(.rel.dtors)

.rela.dtors
 *(.rela.dtors)

.rel.got
 *(.rel.got)

.rela.got
 *(.rela.got)

.rel.bss
 *(.rel.bss)

.rela.bss
 *(.rela.bss)

.rel.plt
 *(.rel.plt)

.rela.plt
 *(.rela.plt)

.text           0x00000000     0x1a04
 *(.vectors)
 .vectors       0x00000000       0x54 c:/winavr/bin/../lib/gcc/avr/4.1.1/../../../../avr/lib/avr5/crtm32.o
                0x00000000                __vectors
                0x00000000                __vector_default
 *(.vectors)
 *(.progmem.gcc*)
 *(.progmem*)
                0x00000054                . = ALIGN (0x2)
                0x00000054                __trampolines_start = .
 *(.trampolines)
 .trampolines   0x00000054        0x0 linker stubs
 *(.trampolines*)
                0x00000054                __trampolines_end = .
 *(.jumptables)
 *(.jumptables*)
 *(.lowtext)
 *(.lowtext*)
                0x00000054                __ctors_start = .
 *(.ctors)
                0x00000054                __ctors_end = .
                0x00000054                __dtors_start = .
 *(.dtors)
                0x00000054                __dtors_end = .
 SORT(*)(.ctors)
 SORT(*)(.dtors)
 *(.init0)
 .init0         0x00000054        0x0 c:/winavr/bin/../lib/gcc/avr/4.1.1/../../../../avr/lib/avr5/crtm32.o
                0x00000054                __init
 *(.init0)
 *(.init1)
 *(.init1)
 *(.init2)
 .init2         0x00000054        0xc c:/winavr/bin/../lib/gcc/avr/4.1.1/../../../../avr/lib/avr5/crtm32.o
 *(.init2)
 *(.init3)
 *(.init3)
 *(.init4)
 .init4         0x00000060       0x16 c:/winavr/bin/../lib/gcc/avr/4.1.1/avr5\libgcc.a(_copy_data.o)
                0x00000060                __do_copy_data
 .init4         0x00000076       0x10 c:/winavr/bin/../lib/gcc/avr/4.1.1/avr5\libgcc.a(_clear_bss.o)
                0x00000076                __do_clear_bss
 *(.init4)
 *(.init5)
 *(.init5)
 *(.init6)
 *(.init6)
 *(.init7)
 *(.init7)
 *(.init8)
 *(.init8)
 *(.init9)
 .init9         0x00000086        0x4 c:/winavr/bin/../lib/gcc/avr/4.1.1/../../../../avr/lib/avr5/crtm32.o
 *(.init9)
 *(.text)
 .text          0x0000008a        0x4 c:/winavr/bin/../lib/gcc/avr/4.1.1/../../../../avr/lib/avr5/crtm32.o
                0x0000008a                __vector_12
                0x0000008a                __bad_interrupt
                0x0000008a                __vector_6
                0x0000008a                __vector_3
                0x0000008a                __vector_13
                0x0000008a                __vector_17
                0x0000008a                __vector_19
                0x0000008a                __vector_7
                0x0000008a                __vector_5
                0x0000008a                __vector_4
                0x0000008a                __vector_9
                0x0000008a                __vector_15
                0x0000008a                __vector_8
                0x0000008a                __vector_14
                0x0000008a                __vector_10
                0x0000008a                __vector_16
                0x0000008a                __vector_18
                0x0000008a                __vector_20
 .text          0x0000008e      0x5ac main.o
                0x00000156                bmp
                0x00000248                TurnR
                0x000000f6                ExtractNum
                0x0000008e                enc
                0x0000029a                TurnL
                0x000003e2                Forward
                0x00000390                Backward
                0x0000033e                SpinL
                0x00000434                main
                0x000001e6                lgh
                0x000002ec                SpinR
                0x00000234                tservop
                0x000000a8                Stop
                0x0000019a                snr
                0x00000220                pservop
 .text          0x0000063a      0x632 avrstdio.o
                0x0000063a                enable_uart
                0x00000a6c                uprintf
                0x00000654                rxb
                0x0000064c                txb
                0x00000662                uscanf
 .text          0x00000c6c      0x478 encoders.o
                0x00000db8                __vector_1
                0x00000d46                getDisR
                0x00000cd4                getDisL
                0x00000cce                setDirR
                0x00000f4e                __vector_2
                0x00000c6c                initENC
                0x00000cc8                setDirL
 .text          0x000010e4       0xf8 i2c.o
                0x000010e4                i2cinit
                0x0000115c                i2creadreg
                0x000011a6                i2cwritereg
                0x00001100                i2cstop
                0x00001144                i2creceive
                0x0000110c                i2ctransmit
                0x000010f4                i2cstart
 .text          0x000011dc      0x37a M32io2.o
                0x000011dc                SetDir
                0x0000151c                GetPin
                0x0000137c                SetPin
 .text          0x00001556      0x15a servo.o
                0x000015aa                setservo2
                0x00001556                initservos
                0x000015bc                __vector_11
                0x00001598                setservo1
 .text          0x000016b0       0x70 timer1PWM.o
                0x000016ba                initPWM09
                0x000016d4                setCHB08
                0x00001710                setCHA
                0x000016da                setCHA09
                0x000016e6                setCHB09
                0x000016c4                initPWM10
                0x000016b0                initPWM08
                0x000016ce                setCHA08
                0x00001716                initPWM
                0x000016fe                setCHB10
                0x000016f2                setCHA10
                0x0000170a                setCHB
 .text          0x00001720       0x6e adc.o
                0x00001748                ADC10bit
                0x00001774                ADC08bit
                0x00001720                initADC
                0x0000172a                DELAY_US
 .text          0x0000178e      0x158 srf02.o
                0x000017c2                getUS
                0x000018dc                initcommsunit
                0x0000187e                getCM
                0x00001820                getIN
                0x0000178e                changeAddress
 .text          0x000018e6        0x0 c:/winavr/bin/../lib/gcc/avr/4.1.1/avr5\libgcc.a(_copy_data.o)
 .text          0x000018e6        0x0 c:/winavr/bin/../lib/gcc/avr/4.1.1/avr5\libgcc.a(_clear_bss.o)
 .text          0x000018e6       0x5a c:/winavr/bin/../lib/gcc/avr/4.1.1/../../../../avr/lib/avr5\libc.a(atoi.o)
                0x000018e6                atoi
 .text          0x00001940        0xe c:/winavr/bin/../lib/gcc/avr/4.1.1/../../../../avr/lib/avr5\libc.a(strcpy.o)
                0x00001940                strcpy
 .text          0x0000194e       0x1c c:/winavr/bin/../lib/gcc/avr/4.1.1/../../../../avr/lib/avr5\libc.a(strncmp.o)
                0x0000194e                strncmp
 .text          0x0000196a       0x42 c:/winavr/bin/../lib/gcc/avr/4.1.1/../../../../avr/lib/avr5\libc.a(itoa.o)
                0x0000196a                itoa
 .text          0x000019ac       0x10 c:/winavr/bin/../lib/gcc/avr/4.1.1/../../../../avr/lib/avr5\libc.a(mul10.o)
                0x000019ac                __mulhi_const_10
 .text          0x000019bc       0x20 c:/winavr/bin/../lib/gcc/avr/4.1.1/../../../../avr/lib/avr5\libc.a(strrev.o)
                0x000019bc                strrev
 .text          0x000019dc        0x0 c:/winavr/bin/../lib/gcc/avr/4.1.1/avr5\libgcc.a(_udivmodhi4.o)
                0x000019dc                . = ALIGN (0x2)
 *(.text.*)
 .text.libgcc   0x000019dc        0x0 c:/winavr/bin/../lib/gcc/avr/4.1.1/avr5\libgcc.a(_copy_data.o)
 .text.libgcc   0x000019dc        0x0 c:/winavr/bin/../lib/gcc/avr/4.1.1/avr5\libgcc.a(_clear_bss.o)
 .text.libgcc   0x000019dc       0x28 c:/winavr/bin/../lib/gcc/avr/4.1.1/avr5\libgcc.a(_udivmodhi4.o)
                0x000019dc                __udivmodhi4
                0x00001a04                . = ALIGN (0x2)
 *(.fini9)
 *(.fini9)
 *(.fini8)
 *(.fini8)
 *(.fini7)
 *(.fini7)
 *(.fini6)
 *(.fini6)
 *(.fini5)
 *(.fini5)
 *(.fini4)
 *(.fini4)
 *(.fini3)
 *(.fini3)
 *(.fini2)
 *(.fini2)
 *(.fini1)
 *(.fini1)
 *(.fini0)
 *(.fini0)
                0x00001a04                _etext = .

.data           0x00800060       0x96 load address 0x00001a04
                0x00800060                PROVIDE (__data_start, .)
 *(.data)
 .data          0x00800060        0x0 c:/winavr/bin/../lib/gcc/avr/4.1.1/../../../../avr/lib/avr5/crtm32.o
 .data          0x00800060       0x95 main.o
                0x008000f4                op
 .data          0x008000f5        0x1 avrstdio.o
 .data          0x008000f6        0x0 encoders.o
 .data          0x008000f6        0x0 i2c.o
 .data          0x008000f6        0x0 M32io2.o
 .data          0x008000f6        0x0 servo.o
 .data          0x008000f6        0x0 timer1PWM.o
 .data          0x008000f6        0x0 adc.o
 .data          0x008000f6        0x0 srf02.o
 .data          0x008000f6        0x0 c:/winavr/bin/../lib/gcc/avr/4.1.1/avr5\libgcc.a(_copy_data.o)
 .data          0x008000f6        0x0 c:/winavr/bin/../lib/gcc/avr/4.1.1/avr5\libgcc.a(_clear_bss.o)
 .data          0x008000f6        0x0 c:/winavr/bin/../lib/gcc/avr/4.1.1/../../../../avr/lib/avr5\libc.a(atoi.o)
 .data          0x008000f6        0x0 c:/winavr/bin/../lib/gcc/avr/4.1.1/../../../../avr/lib/avr5\libc.a(strcpy.o)
 .data          0x008000f6        0x0 c:/winavr/bin/../lib/gcc/avr/4.1.1/../../../../avr/lib/avr5\libc.a(strncmp.o)
 .data          0x008000f6        0x0 c:/winavr/bin/../lib/gcc/avr/4.1.1/../../../../avr/lib/avr5\libc.a(itoa.o)
 .data          0x008000f6        0x0 c:/winavr/bin/../lib/gcc/avr/4.1.1/../../../../avr/lib/avr5\libc.a(mul10.o)
 .data          0x008000f6        0x0 c:/winavr/bin/../lib/gcc/avr/4.1.1/../../../../avr/lib/avr5\libc.a(strrev.o)
 .data          0x008000f6        0x0 c:/winavr/bin/../lib/gcc/avr/4.1.1/avr5\libgcc.a(_udivmodhi4.o)
 *(.data*)
 *(.rodata)
 *(.rodata*)
 *(.gnu.linkonce.d*)
                0x008000f6                . = ALIGN (0x2)
                0x008000f6                _edata = .
                0x008000f6                PROVIDE (__data_end, .)

.bss            0x008000f6       0xaa
                0x008000f6                PROVIDE (__bss_start, .)
 *(.bss)
 .bss           0x008000f6        0x0 c:/winavr/bin/../lib/gcc/avr/4.1.1/../../../../avr/lib/avr5/crtm32.o
 .bss           0x008000f6        0x1 main.o
                0x008000f6                cnt
 .bss           0x008000f7        0x0 avrstdio.o
 .bss           0x008000f7        0x0 encoders.o
 .bss           0x008000f7        0x0 i2c.o
 .bss           0x008000f7        0x0 M32io2.o
 .bss           0x008000f7        0x0 servo.o
 .bss           0x008000f7        0x0 timer1PWM.o
 .bss           0x008000f7        0x0 adc.o
 .bss           0x008000f7        0x0 srf02.o
 .bss           0x008000f7        0x0 c:/winavr/bin/../lib/gcc/avr/4.1.1/avr5\libgcc.a(_copy_data.o)
 .bss           0x008000f7        0x0 c:/winavr/bin/../lib/gcc/avr/4.1.1/avr5\libgcc.a(_clear_bss.o)
 .bss           0x008000f7        0x0 c:/winavr/bin/../lib/gcc/avr/4.1.1/../../../../avr/lib/avr5\libc.a(atoi.o)
 .bss           0x008000f7        0x0 c:/winavr/bin/../lib/gcc/avr/4.1.1/../../../../avr/lib/avr5\libc.a(strcpy.o)
 .bss           0x008000f7        0x0 c:/winavr/bin/../lib/gcc/avr/4.1.1/../../../../avr/lib/avr5\libc.a(strncmp.o)
 .bss           0x008000f7        0x0 c:/winavr/bin/../lib/gcc/avr/4.1.1/../../../../avr/lib/avr5\libc.a(itoa.o)
 .bss           0x008000f7        0x0 c:/winavr/bin/../lib/gcc/avr/4.1.1/../../../../avr/lib/avr5\libc.a(mul10.o)
 .bss           0x008000f7        0x0 c:/winavr/bin/../lib/gcc/avr/4.1.1/../../../../avr/lib/avr5\libc.a(strrev.o)
 .bss           0x008000f7        0x0 c:/winavr/bin/../lib/gcc/avr/4.1.1/avr5\libgcc.a(_udivmodhi4.o)
 *(.bss*)
 *(COMMON)
 COMMON         0x008000f7       0x9d main.o
                0x008000f7                x
                0x008000ff                ReceiveStr
                0x00800131                cntR
                0x00800139                loop_count
                0x0080013b                dirR
                0x0080013c                dumb
                0x00800150                cntL
                0x00800158                wit
                0x0080015c                s
                0x0080015d                str
                0x0080018f                dirL
                0x00800190                dis
                0x00800192                convert
 COMMON         0x00800194        0xc servo.o
                0x00800194                counttopulse
                0x00800198                reload
                0x0080019a                counter
                0x0080019e                plsref
                0x008001a0                PROVIDE (__bss_end, .)
                0x00001a04                __data_load_start = LOADADDR (.data)
                0x00001a9a                __data_load_end = (__data_load_start + SIZEOF (.data))

.noinit         0x008001a0        0x0
                0x008001a0                PROVIDE (__noinit_start, .)
 *(.noinit*)
                0x008001a0                PROVIDE (__noinit_end, .)
                0x008001a0                _end = .
                0x008001a0                PROVIDE (__heap_start, .)

.eeprom         0x00810000        0x0
 *(.eeprom*)
                0x00810000                __eeprom_end = .

.stab           0x00000000      0x36c
 *(.stab)
 .stab          0x00000000      0x36c c:/winavr/bin/../lib/gcc/avr/4.1.1/../../../../avr/lib/avr5/crtm32.o

.stabstr        0x00000000       0x84
 *(.stabstr)
 .stabstr       0x00000000       0x84 c:/winavr/bin/../lib/gcc/avr/4.1.1/../../../../avr/lib/avr5/crtm32.o

.stab.excl
 *(.stab.excl)

.stab.exclstr
 *(.stab.exclstr)

.stab.index
 *(.stab.index)

.stab.indexstr
 *(.stab.indexstr)

.comment
 *(.comment)

.debug
 *(.debug)

.line
 *(.line)

.debug_srcinfo
 *(.debug_srcinfo)

.debug_sfnames
 *(.debug_sfnames)

.debug_aranges  0x00000000      0x120
 *(.debug_aranges)
 .debug_aranges
                0x00000000       0x20 main.o
 .debug_aranges
                0x00000020       0x20 avrstdio.o
 .debug_aranges
                0x00000040       0x20 encoders.o
 .debug_aranges
                0x00000060       0x20 i2c.o
 .debug_aranges
                0x00000080       0x20 M32io2.o
 .debug_aranges
                0x000000a0       0x20 servo.o
 .debug_aranges
                0x000000c0       0x20 timer1PWM.o
 .debug_aranges
                0x000000e0       0x20 adc.o
 .debug_aranges
                0x00000100       0x20 srf02.o

.debug_pubnames
                0x00000000      0x4bb
 *(.debug_pubnames)
 .debug_pubnames
                0x00000000      0x136 main.o
 .debug_pubnames
                0x00000136       0x5d avrstdio.o
 .debug_pubnames
                0x00000193       0x90 encoders.o
 .debug_pubnames
                0x00000223       0x75 i2c.o
 .debug_pubnames
                0x00000298       0x33 M32io2.o
 .debug_pubnames
                0x000002cb       0x80 servo.o
 .debug_pubnames
                0x0000034b       0xac timer1PWM.o
 .debug_pubnames
                0x000003f7       0x60 adc.o
 .debug_pubnames
                0x00000457       0x64 srf02.o

.debug_info     0x00000000     0x1093
 *(.debug_info)
 .debug_info    0x00000000      0x34b main.o
 .debug_info    0x0000034b      0x1fa avrstdio.o
 .debug_info    0x00000545      0x174 encoders.o
 .debug_info    0x000006b9      0x215 i2c.o
 .debug_info    0x000008ce      0x12d M32io2.o
 .debug_info    0x000009fb      0x18f servo.o
 .debug_info    0x00000b8a      0x265 timer1PWM.o
 .debug_info    0x00000def      0x12c adc.o
 .debug_info    0x00000f1b      0x178 srf02.o
 *(.gnu.linkonce.wi.*)

.debug_abbrev   0x00000000      0x74f
 *(.debug_abbrev)
 .debug_abbrev  0x00000000      0x114 main.o
 .debug_abbrev  0x00000114      0x121 avrstdio.o
 .debug_abbrev  0x00000235       0x9a encoders.o
 .debug_abbrev  0x000002cf       0xf4 i2c.o
 .debug_abbrev  0x000003c3       0xa1 M32io2.o
 .debug_abbrev  0x00000464       0xa4 servo.o
 .debug_abbrev  0x00000508      0x111 timer1PWM.o
 .debug_abbrev  0x00000619       0x9c adc.o
 .debug_abbrev  0x000006b5       0x9a srf02.o

.debug_line     0x00000000     0x12d7
 *(.debug_line)
 .debug_line    0x00000000      0x58a main.o
 .debug_line    0x0000058a      0x1e9 avrstdio.o
 .debug_line    0x00000773      0x12e encoders.o
 .debug_line    0x000008a1      0x22d i2c.o
 .debug_line    0x00000ace      0x1f6 M32io2.o
 .debug_line    0x00000cc4      0x1a8 servo.o
 .debug_line    0x00000e6c      0x18f timer1PWM.o
 .debug_line    0x00000ffb      0x130 adc.o
 .debug_line    0x0000112b      0x1ac srf02.o

.debug_frame    0x00000000      0x470
 *(.debug_frame)
 .debug_frame   0x00000000      0x100 main.o
 .debug_frame   0x00000100       0x60 avrstdio.o
 .debug_frame   0x00000160       0x80 encoders.o
 .debug_frame   0x000001e0       0x80 i2c.o
 .debug_frame   0x00000260       0x40 M32io2.o
 .debug_frame   0x000002a0       0x50 servo.o
 .debug_frame   0x000002f0       0xd0 timer1PWM.o
 .debug_frame   0x000003c0       0x50 adc.o
 .debug_frame   0x00000410       0x60 srf02.o

.debug_str      0x00000000      0x3ed
 *(.debug_str)
 .debug_str     0x00000000      0x139 main.o
                                0x181 (size before relaxing)
 .debug_str     0x00000139       0x49 avrstdio.o
                                0x113 (size before relaxing)
 .debug_str     0x00000182       0x4e encoders.o
                                0x11c (size before relaxing)
 .debug_str     0x000001d0       0x72 i2c.o
                                0x12f (size before relaxing)
 .debug_str     0x00000242       0x29 M32io2.o
                                 0xe1 (size before relaxing)
 .debug_str     0x0000026b       0x83 servo.o
                                0x13f (size before relaxing)
 .debug_str     0x000002ee       0x84 timer1PWM.o
                                0x138 (size before relaxing)
 .debug_str     0x00000372       0x3e adc.o
                                0x10d (size before relaxing)
 .debug_str     0x000003b0       0x3d srf02.o
                                0x10f (size before relaxing)

.debug_loc      0x00000000      0x680
 *(.debug_loc)
 .debug_loc     0x00000000       0x26 main.o
 .debug_loc     0x00000026      0x226 avrstdio.o
 .debug_loc     0x0000024c       0xed i2c.o
 .debug_loc     0x00000339      0x1eb M32io2.o
 .debug_loc     0x00000524       0x28 servo.o
 .debug_loc     0x0000054c       0x60 timer1PWM.o
 .debug_loc     0x000005ac       0x3e adc.o
 .debug_loc     0x000005ea       0x96 srf02.o

.debug_macinfo
 *(.debug_macinfo)
OUTPUT(main.elf elf32-avr)
LOAD linker stubs

Cross Reference Table

Symbol                                            File
ADC08bit                                          adc.o
                                                  main.o
ADC10bit                                          adc.o
Backward                                          main.o
DELAY_US                                          adc.o
ExtractNum                                        main.o
Forward                                           main.o
GetPin                                            M32io2.o
                                                  main.o
ReceiveStr                                        main.o
SetDir                                            M32io2.o
                                                  main.o
SetPin                                            M32io2.o
                                                  main.o
SpinL                                             main.o
SpinR                                             main.o
Stop                                              main.o
TurnL                                             main.o
TurnR                                             main.o
__bad_interrupt                                   c:/winavr/bin/../lib/gcc/avr/4.1.1/../../../../avr/lib/avr5/crtm32.o
__bss_end                                         c:/winavr/bin/../lib/gcc/avr/4.1.1/avr5\libgcc.a(_clear_bss.o)
__bss_start                                       c:/winavr/bin/../lib/gcc/avr/4.1.1/avr5\libgcc.a(_clear_bss.o)
__data_end                                        c:/winavr/bin/../lib/gcc/avr/4.1.1/avr5\libgcc.a(_copy_data.o)
__data_load_start                                 c:/winavr/bin/../lib/gcc/avr/4.1.1/avr5\libgcc.a(_copy_data.o)
__data_start                                      c:/winavr/bin/../lib/gcc/avr/4.1.1/avr5\libgcc.a(_copy_data.o)
__do_clear_bss                                    c:/winavr/bin/../lib/gcc/avr/4.1.1/avr5\libgcc.a(_clear_bss.o)
                                                  srf02.o
                                                  adc.o
                                                  timer1PWM.o
                                                  servo.o
                                                  M32io2.o
                                                  i2c.o
                                                  encoders.o
                                                  avrstdio.o
                                                  main.o
__do_copy_data                                    c:/winavr/bin/../lib/gcc/avr/4.1.1/avr5\libgcc.a(_copy_data.o)
                                                  srf02.o
                                                  adc.o
                                                  timer1PWM.o
                                                  servo.o
                                                  M32io2.o
                                                  i2c.o
                                                  encoders.o
                                                  avrstdio.o
                                                  main.o
__heap_end                                        c:/winavr/bin/../lib/gcc/avr/4.1.1/../../../../avr/lib/avr5/crtm32.o
__init                                            c:/winavr/bin/../lib/gcc/avr/4.1.1/../../../../avr/lib/avr5/crtm32.o
__mulhi_const_10                                  c:/winavr/bin/../lib/gcc/avr/4.1.1/../../../../avr/lib/avr5\libc.a(mul10.o)
                                                  c:/winavr/bin/../lib/gcc/avr/4.1.1/../../../../avr/lib/avr5\libc.a(atoi.o)
__stack                                           c:/winavr/bin/../lib/gcc/avr/4.1.1/../../../../avr/lib/avr5/crtm32.o
__udivmodhi4                                      c:/winavr/bin/../lib/gcc/avr/4.1.1/avr5\libgcc.a(_udivmodhi4.o)
                                                  c:/winavr/bin/../lib/gcc/avr/4.1.1/../../../../avr/lib/avr5\libc.a(itoa.o)
__vector_1                                        encoders.o
                                                  c:/winavr/bin/../lib/gcc/avr/4.1.1/../../../../avr/lib/avr5/crtm32.o
__vector_10                                       c:/winavr/bin/../lib/gcc/avr/4.1.1/../../../../avr/lib/avr5/crtm32.o
__vector_11                                       servo.o
                                                  c:/winavr/bin/../lib/gcc/avr/4.1.1/../../../../avr/lib/avr5/crtm32.o
__vector_12                                       c:/winavr/bin/../lib/gcc/avr/4.1.1/../../../../avr/lib/avr5/crtm32.o
__vector_13                                       c:/winavr/bin/../lib/gcc/avr/4.1.1/../../../../avr/lib/avr5/crtm32.o
__vector_14                                       c:/winavr/bin/../lib/gcc/avr/4.1.1/../../../../avr/lib/avr5/crtm32.o
__vector_15                                       c:/winavr/bin/../lib/gcc/avr/4.1.1/../../../../avr/lib/avr5/crtm32.o
__vector_16                                       c:/winavr/bin/../lib/gcc/avr/4.1.1/../../../../avr/lib/avr5/crtm32.o
__vector_17                                       c:/winavr/bin/../lib/gcc/avr/4.1.1/../../../../avr/lib/avr5/crtm32.o
__vector_18                                       c:/winavr/bin/../lib/gcc/avr/4.1.1/../../../../avr/lib/avr5/crtm32.o
__vector_19                                       c:/winavr/bin/../lib/gcc/avr/4.1.1/../../../../avr/lib/avr5/crtm32.o
__vector_2                                        encoders.o
                                                  c:/winavr/bin/../lib/gcc/avr/4.1.1/../../../../avr/lib/avr5/crtm32.o
__vector_20                                       c:/winavr/bin/../lib/gcc/avr/4.1.1/../../../../avr/lib/avr5/crtm32.o
__vector_3                                        c:/winavr/bin/../lib/gcc/avr/4.1.1/../../../../avr/lib/avr5/crtm32.o
__vector_4                                        c:/winavr/bin/../lib/gcc/avr/4.1.1/../../../../avr/lib/avr5/crtm32.o
__vector_5                                        c:/winavr/bin/../lib/gcc/avr/4.1.1/../../../../avr/lib/avr5/crtm32.o
__vector_6                                        c:/winavr/bin/../lib/gcc/avr/4.1.1/../../../../avr/lib/avr5/crtm32.o
__vector_7                                        c:/winavr/bin/../lib/gcc/avr/4.1.1/../../../../avr/lib/avr5/crtm32.o
__vector_8                                        c:/winavr/bin/../lib/gcc/avr/4.1.1/../../../../avr/lib/avr5/crtm32.o
__vector_9                                        c:/winavr/bin/../lib/gcc/avr/4.1.1/../../../../avr/lib/avr5/crtm32.o
__vector_default                                  c:/winavr/bin/../lib/gcc/avr/4.1.1/../../../../avr/lib/avr5/crtm32.o
__vectors                                         c:/winavr/bin/../lib/gcc/avr/4.1.1/../../../../avr/lib/avr5/crtm32.o
atoi                                              c:/winavr/bin/../lib/gcc/avr/4.1.1/../../../../avr/lib/avr5\libc.a(atoi.o)
                                                  main.o
bmp                                               main.o
changeAddress                                     srf02.o
cnt                                               main.o
cntL                                              encoders.o
                                                  main.o
cntR                                              encoders.o
                                                  main.o
convert                                           adc.o
                                                  main.o
counter                                           servo.o
counttopulse                                      servo.o
dirL                                              encoders.o
                                                  main.o
dirR                                              encoders.o
                                                  main.o
dis                                               srf02.o
                                                  main.o
dumb                                              main.o
enable_uart                                       avrstdio.o
                                                  main.o
enc                                               main.o
getCM                                             srf02.o
                                                  main.o
getDisL                                           encoders.o
getDisR                                           encoders.o
getIN                                             srf02.o
getUS                                             srf02.o
i2cinit                                           i2c.o
                                                  srf02.o
i2creadreg                                        i2c.o
                                                  srf02.o
i2creceive                                        i2c.o
i2cstart                                          i2c.o
i2cstop                                           i2c.o
i2ctransmit                                       i2c.o
i2cwritereg                                       i2c.o
                                                  srf02.o
initADC                                           adc.o
                                                  main.o
initENC                                           encoders.o
                                                  main.o
initPWM                                           timer1PWM.o
initPWM08                                         timer1PWM.o
initPWM09                                         timer1PWM.o
initPWM10                                         timer1PWM.o
                                                  main.o
initcommsunit                                     srf02.o
                                                  main.o
initservos                                        servo.o
                                                  main.o
itoa                                              c:/winavr/bin/../lib/gcc/avr/4.1.1/../../../../avr/lib/avr5\libc.a(itoa.o)
                                                  main.o
lgh                                               main.o
loop_count                                        adc.o
                                                  main.o
main                                              main.o
                                                  c:/winavr/bin/../lib/gcc/avr/4.1.1/../../../../avr/lib/avr5/crtm32.o
op                                                main.o
plsref                                            servo.o
pservop                                           main.o
reload                                            servo.o
rxb                                               avrstdio.o
s                                                 avrstdio.o
                                                  main.o
setCHA                                            timer1PWM.o
setCHA08                                          timer1PWM.o
setCHA09                                          timer1PWM.o
setCHA10                                          timer1PWM.o
                                                  main.o
setCHB                                            timer1PWM.o
setCHB08                                          timer1PWM.o
setCHB09                                          timer1PWM.o
setCHB10                                          timer1PWM.o
                                                  main.o
setDirL                                           encoders.o
                                                  main.o
setDirR                                           encoders.o
                                                  main.o
setservo1                                         servo.o
                                                  main.o
setservo2                                         servo.o
                                                  main.o
snr                                               main.o
str                                               avrstdio.o
                                                  main.o
strcpy                                            c:/winavr/bin/../lib/gcc/avr/4.1.1/../../../../avr/lib/avr5\libc.a(strcpy.o)
                                                  avrstdio.o
                                                  main.o
strncmp                                           c:/winavr/bin/../lib/gcc/avr/4.1.1/../../../../avr/lib/avr5\libc.a(strncmp.o)
                                                  main.o
strrev                                            c:/winavr/bin/../lib/gcc/avr/4.1.1/../../../../avr/lib/avr5\libc.a(strrev.o)
                                                  c:/winavr/bin/../lib/gcc/avr/4.1.1/../../../../avr/lib/avr5\libc.a(itoa.o)
tservop                                           main.o
txb                                               avrstdio.o
uprintf                                           avrstdio.o
                                                  main.o
uscanf                                            avrstdio.o
                                                  main.o
wit                                               srf02.o
                                                  main.o
x                                                 avrstdio.o
                                                  main.o
