Archive member included because of file (symbol)

/usr/lib/gcc/avr/4.3.3/avr5/libgcc.a(_mulsi3.o)
                              ff.o (__mulsi3)
/usr/lib/gcc/avr/4.3.3/avr5/libgcc.a(_udivmodsi4.o)
                              ff.o (__udivmodsi4)
/usr/lib/gcc/avr/4.3.3/avr5/libgcc.a(_exit.o)
                              /usr/lib/gcc/avr/4.3.3/../../../avr/lib/avr5/crtm644.o (exit)
/usr/lib/gcc/avr/4.3.3/avr5/libgcc.a(_copy_data.o)
                              a2d.o (__do_copy_data)
/usr/lib/gcc/avr/4.3.3/avr5/libgcc.a(_clear_bss.o)
                              a2d.o (__do_clear_bss)
/usr/lib/gcc/avr/4.3.3/avr5/libgcc.a(_fixunssfsi.o)
                              main.o (__fixunssfsi)
/usr/lib/gcc/avr/4.3.3/avr5/libgcc.a(_addsub_sf.o)
                              main.o (__subsf3)
/usr/lib/gcc/avr/4.3.3/avr5/libgcc.a(_mul_sf.o)
                              main.o (__mulsf3)
/usr/lib/gcc/avr/4.3.3/avr5/libgcc.a(_div_sf.o)
                              main.o (__divsf3)
/usr/lib/gcc/avr/4.3.3/avr5/libgcc.a(_ge_sf.o)
                              /usr/lib/gcc/avr/4.3.3/avr5/libgcc.a(_fixunssfsi.o) (__gesf2)
/usr/lib/gcc/avr/4.3.3/avr5/libgcc.a(_sf_to_si.o)
                              /usr/lib/gcc/avr/4.3.3/avr5/libgcc.a(_fixunssfsi.o) (__fixsfsi)
/usr/lib/gcc/avr/4.3.3/avr5/libgcc.a(_thenan_sf.o)
                              /usr/lib/gcc/avr/4.3.3/avr5/libgcc.a(_addsub_sf.o) (__thenan_sf)
/usr/lib/gcc/avr/4.3.3/avr5/libgcc.a(_usi_to_sf.o)
                              main.o (__floatunsisf)
/usr/lib/gcc/avr/4.3.3/avr5/libgcc.a(_prologue.o)
                              /usr/lib/gcc/avr/4.3.3/avr5/libgcc.a(_addsub_sf.o) (__prologue_saves__)
/usr/lib/gcc/avr/4.3.3/avr5/libgcc.a(_epilogue.o)
                              /usr/lib/gcc/avr/4.3.3/avr5/libgcc.a(_addsub_sf.o) (__epilogue_restores__)
/usr/lib/gcc/avr/4.3.3/avr5/libgcc.a(_clzsi2.o)
                              /usr/lib/gcc/avr/4.3.3/avr5/libgcc.a(_usi_to_sf.o) (__clzsi2)
/usr/lib/gcc/avr/4.3.3/avr5/libgcc.a(_pack_sf.o)
                              /usr/lib/gcc/avr/4.3.3/avr5/libgcc.a(_addsub_sf.o) (__pack_f)
/usr/lib/gcc/avr/4.3.3/avr5/libgcc.a(_unpack_sf.o)
                              /usr/lib/gcc/avr/4.3.3/avr5/libgcc.a(_addsub_sf.o) (__unpack_f)
/usr/lib/gcc/avr/4.3.3/avr5/libgcc.a(_fpcmp_parts_sf.o)
                              /usr/lib/gcc/avr/4.3.3/avr5/libgcc.a(_ge_sf.o) (__fpcmp_parts_f)
/usr/lib/gcc/avr/4.3.3/avr5/libgcc.a(_clz.o)
                              /usr/lib/gcc/avr/4.3.3/avr5/libgcc.a(_clzsi2.o) (__clz_tab)
/usr/lib/gcc/avr/4.3.3/../../../avr/lib/avr5/libc.a(fdevopen.o)
                              stdusart0.o (fdevopen)
/usr/lib/gcc/avr/4.3.3/../../../avr/lib/avr5/libc.a(iob.o)
                              /usr/lib/gcc/avr/4.3.3/../../../avr/lib/avr5/libc.a(fdevopen.o) (__iob)
/usr/lib/gcc/avr/4.3.3/../../../avr/lib/avr5/libc.a(printf.o)
                              main.o (printf)
/usr/lib/gcc/avr/4.3.3/../../../avr/lib/avr5/libc.a(vfprintf_std.o)
                              /usr/lib/gcc/avr/4.3.3/../../../avr/lib/avr5/libc.a(printf.o) (vfprintf)
/usr/lib/gcc/avr/4.3.3/../../../avr/lib/avr5/libc.a(calloc.o)
                              /usr/lib/gcc/avr/4.3.3/../../../avr/lib/avr5/libc.a(fdevopen.o) (calloc)
/usr/lib/gcc/avr/4.3.3/../../../avr/lib/avr5/libc.a(malloc.o)
                              /usr/lib/gcc/avr/4.3.3/../../../avr/lib/avr5/libc.a(calloc.o) (malloc)
/usr/lib/gcc/avr/4.3.3/../../../avr/lib/avr5/libc.a(strnlen_P.o)
                              /usr/lib/gcc/avr/4.3.3/../../../avr/lib/avr5/libc.a(vfprintf_std.o) (strnlen_P)
/usr/lib/gcc/avr/4.3.3/../../../avr/lib/avr5/libc.a(memset.o)
                              /usr/lib/gcc/avr/4.3.3/../../../avr/lib/avr5/libc.a(calloc.o) (memset)
/usr/lib/gcc/avr/4.3.3/../../../avr/lib/avr5/libc.a(strnlen.o)
                              /usr/lib/gcc/avr/4.3.3/../../../avr/lib/avr5/libc.a(vfprintf_std.o) (strnlen)
/usr/lib/gcc/avr/4.3.3/../../../avr/lib/avr5/libc.a(fputc.o)
                              /usr/lib/gcc/avr/4.3.3/../../../avr/lib/avr5/libc.a(vfprintf_std.o) (fputc)
/usr/lib/gcc/avr/4.3.3/../../../avr/lib/avr5/libc.a(ultoa_invert.o)
                              /usr/lib/gcc/avr/4.3.3/../../../avr/lib/avr5/libc.a(vfprintf_std.o) (__ultoa_invert)

Allocating common symbols
Common symbol       size              file

__brkval            0x2               /usr/lib/gcc/avr/4.3.3/../../../avr/lib/avr5/libc.a(malloc.o)
__flp               0x2               /usr/lib/gcc/avr/4.3.3/../../../avr/lib/avr5/libc.a(malloc.o)
__iob               0x6               /usr/lib/gcc/avr/4.3.3/../../../avr/lib/avr5/libc.a(iob.o)

Memory Configuration

Name             Origin             Length             Attributes
text             0x0000000000000000 0x0000000000020000 xr
data             0x0000000000800060 0x000000000000ffa0 rw !x
eeprom           0x0000000000810000 0x0000000000010000 rw !x
fuse             0x0000000000820000 0x0000000000000400 rw !x
lock             0x0000000000830000 0x0000000000000400 rw !x
signature        0x0000000000840000 0x0000000000000400 rw !x
*default*        0x0000000000000000 0xffffffffffffffff

Linker script and memory map

Address of section .data set to 0x800100
LOAD /usr/lib/gcc/avr/4.3.3/../../../avr/lib/avr5/crtm644.o
LOAD /usr/lib/gcc/avr/4.3.3/../../../avr/lib/avr5/libm.a
LOAD a2d.o
LOAD ff.o
LOAD mmc.o
LOAD stdusart0.o
LOAD timer0ctc.o
LOAD main.o
LOAD /usr/lib/gcc/avr/4.3.3/avr5/libgcc.a
LOAD /usr/lib/gcc/avr/4.3.3/../../../avr/lib/avr5/libc.a
LOAD /usr/lib/gcc/avr/4.3.3/avr5/libgcc.a

.hash
 *(.hash)

.dynsym
 *(.dynsym)

.dynstr
 *(.dynstr)

.gnu.version
 *(.gnu.version)

.gnu.version_d
 *(.gnu.version_d)

.gnu.version_r
 *(.gnu.version_r)

.rel.init
 *(.rel.init)

.rela.init
 *(.rela.init)

.rel.text
 *(.rel.text)
 *(.rel.text.*)
 *(.rel.gnu.linkonce.t*)

.rela.text
 *(.rela.text)
 *(.rela.text.*)
 *(.rela.gnu.linkonce.t*)

.rel.fini
 *(.rel.fini)

.rela.fini
 *(.rela.fini)

.rel.rodata
 *(.rel.rodata)
 *(.rel.rodata.*)
 *(.rel.gnu.linkonce.r*)

.rela.rodata
 *(.rela.rodata)
 *(.rela.rodata.*)
 *(.rela.gnu.linkonce.r*)

.rel.data
 *(.rel.data)
 *(.rel.data.*)
 *(.rel.gnu.linkonce.d*)

.rela.data
 *(.rela.data)
 *(.rela.data.*)
 *(.rela.gnu.linkonce.d*)

.rel.ctors
 *(.rel.ctors)

.rela.ctors
 *(.rela.ctors)

.rel.dtors
 *(.rel.dtors)

.rela.dtors
 *(.rela.dtors)

.rel.got
 *(.rel.got)

.rela.got
 *(.rela.got)

.rel.bss
 *(.rel.bss)

.rela.bss
 *(.rela.bss)

.rel.plt
 *(.rel.plt)

.rela.plt
 *(.rela.plt)

.text           0x0000000000000000     0x5dce
 *(.vectors)
 .vectors       0x0000000000000000       0x70 /usr/lib/gcc/avr/4.3.3/../../../avr/lib/avr5/crtm644.o
                0x0000000000000000                __vectors
                0x0000000000000000                __vector_default
 *(.vectors)
 *(.progmem.gcc*)
 *(.progmem*)
                0x0000000000000070                . = ALIGN (0x2)
                0x0000000000000070                __trampolines_start = .
 *(.trampolines)
 .trampolines   0x0000000000000070        0x0 linker stubs
 *(.trampolines*)
                0x0000000000000070                __trampolines_end = .
 *(.jumptables)
 *(.jumptables*)
 *(.lowtext)
 *(.lowtext*)
                0x0000000000000070                __ctors_start = .
 *(.ctors)
                0x0000000000000070                __ctors_end = .
                0x0000000000000070                __dtors_start = .
 *(.dtors)
                0x0000000000000070                __dtors_end = .
 SORT(*)(.ctors)
 SORT(*)(.dtors)
 *(.init0)
 .init0         0x0000000000000070        0x0 /usr/lib/gcc/avr/4.3.3/../../../avr/lib/avr5/crtm644.o
                0x0000000000000070                __init
 *(.init0)
 *(.init1)
 *(.init1)
 *(.init2)
 .init2         0x0000000000000070        0xc /usr/lib/gcc/avr/4.3.3/../../../avr/lib/avr5/crtm644.o
 *(.init2)
 *(.init3)
 *(.init3)
 *(.init4)
 .init4         0x000000000000007c       0x16 /usr/lib/gcc/avr/4.3.3/avr5/libgcc.a(_copy_data.o)
                0x000000000000007c                __do_copy_data
 .init4         0x0000000000000092       0x10 /usr/lib/gcc/avr/4.3.3/avr5/libgcc.a(_clear_bss.o)
                0x0000000000000092                __do_clear_bss
 *(.init4)
 *(.init5)
 *(.init5)
 *(.init6)
 *(.init6)
 *(.init7)
 *(.init7)
 *(.init8)
 *(.init8)
 *(.init9)
 .init9         0x00000000000000a2        0x8 /usr/lib/gcc/avr/4.3.3/../../../avr/lib/avr5/crtm644.o
 *(.init9)
 *(.text)
 .text          0x00000000000000aa        0x4 /usr/lib/gcc/avr/4.3.3/../../../avr/lib/avr5/crtm644.o
                0x00000000000000aa                __vector_22
                0x00000000000000aa                __vector_1
                0x00000000000000aa                __vector_24
                0x00000000000000aa                __vector_12
                0x00000000000000aa                __bad_interrupt
                0x00000000000000aa                __vector_6
                0x00000000000000aa                __vector_3
                0x00000000000000aa                __vector_23
                0x00000000000000aa                __vector_25
                0x00000000000000aa                __vector_11
                0x00000000000000aa                __vector_13
                0x00000000000000aa                __vector_17
                0x00000000000000aa                __vector_19
                0x00000000000000aa                __vector_7
                0x00000000000000aa                __vector_27
                0x00000000000000aa                __vector_5
                0x00000000000000aa                __vector_4
                0x00000000000000aa                __vector_9
                0x00000000000000aa                __vector_2
                0x00000000000000aa                __vector_21
                0x00000000000000aa                __vector_15
                0x00000000000000aa                __vector_8
                0x00000000000000aa                __vector_26
                0x00000000000000aa                __vector_14
                0x00000000000000aa                __vector_10
                0x00000000000000aa                __vector_18
                0x00000000000000aa                __vector_20
 .text          0x00000000000000ae       0x70 a2d.o
                0x00000000000000ae                initADC
                0x00000000000000c4                getADC
                0x00000000000000ee                getADC8
 .text          0x000000000000011e     0x39cc ff.o
                0x00000000000025f6                f_gets
                0x00000000000005a4                get_fat
                0x000000000000204a                f_printf
                0x0000000000002c44                f_rename
                0x0000000000001540                f_truncate
                0x0000000000003300                f_unlink
                0x0000000000001f98                f_putc
                0x0000000000002002                f_puts
                0x0000000000001bce                f_close
                0x0000000000002308                f_read
                0x000000000000165a                f_readdir
                0x0000000000002f44                f_chmod
                0x0000000000001aec                f_sync
                0x0000000000002696                chk_mounted
                0x00000000000002b0                f_mount
                0x0000000000003722                f_opendir
                0x00000000000003cc                put_fat
                0x00000000000016fc                f_lseek
                0x0000000000003698                f_stat
                0x000000000000011e                clust2sect
                0x0000000000002e9e                f_utime
                0x0000000000001be6                f_write
                0x00000000000037f4                f_open
                0x0000000000002fda                f_mkdir
                0x0000000000003440                f_getfree
 .text          0x0000000000003aea      0x978 mmc.o
                0x0000000000003cea                disk_initialize
                0x0000000000003ece                disk_status
                0x0000000000004070                disk_ioctl
                0x0000000000004440                disk_timerproc
                0x0000000000003f8e                disk_write
                0x0000000000003edc                disk_read
 .text          0x0000000000004462       0x44 stdusart0.o
                0x0000000000004486                init_stdusart0
                0x0000000000004476                rxb0
                0x0000000000004462                txb0
 .text          0x00000000000044a6       0x5e timer0ctc.o
                0x00000000000044a6                init_timer0_ctc
                0x00000000000044d0                set_ocr0a
                0x00000000000044e2                enable_interrupt_t0b
                0x00000000000044ec                disable_interrupt_t0a
                0x00000000000044d4                set_ocr0b
                0x00000000000044d8                enable_interrupt_t0a
                0x00000000000044f8                disable_interrupt_t0b
 .text          0x0000000000004504      0x2f4 main.o
                0x0000000000004504                get_fattime
                0x0000000000004556                main
                0x000000000000450e                __vector_16
 .text          0x00000000000047f8        0x0 /usr/lib/gcc/avr/4.3.3/avr5/libgcc.a(_mulsi3.o)
 .text          0x00000000000047f8        0x0 /usr/lib/gcc/avr/4.3.3/avr5/libgcc.a(_udivmodsi4.o)
 .text          0x00000000000047f8        0x0 /usr/lib/gcc/avr/4.3.3/avr5/libgcc.a(_exit.o)
 .text          0x00000000000047f8        0x0 /usr/lib/gcc/avr/4.3.3/avr5/libgcc.a(_copy_data.o)
 .text          0x00000000000047f8        0x0 /usr/lib/gcc/avr/4.3.3/avr5/libgcc.a(_clear_bss.o)
 .text          0x00000000000047f8       0x58 /usr/lib/gcc/avr/4.3.3/avr5/libgcc.a(_fixunssfsi.o)
                0x00000000000047f8                __fixunssfsi
 .text          0x0000000000004850      0x354 /usr/lib/gcc/avr/4.3.3/avr5/libgcc.a(_addsub_sf.o)
                0x0000000000004ae8                __subsf3
                0x0000000000004b4a                __addsf3
 .text          0x0000000000004ba4      0x1f4 /usr/lib/gcc/avr/4.3.3/avr5/libgcc.a(_mul_sf.o)
                0x0000000000004ba4                __mulsf3
 .text          0x0000000000004d98      0x158 /usr/lib/gcc/avr/4.3.3/avr5/libgcc.a(_div_sf.o)
                0x0000000000004d98                __divsf3
 .text          0x0000000000004ef0       0x60 /usr/lib/gcc/avr/4.3.3/avr5/libgcc.a(_ge_sf.o)
                0x0000000000004ef0                __gesf2
 .text          0x0000000000004f50       0xa8 /usr/lib/gcc/avr/4.3.3/avr5/libgcc.a(_sf_to_si.o)
                0x0000000000004f50                __fixsfsi
 .text          0x0000000000004ff8        0x0 /usr/lib/gcc/avr/4.3.3/avr5/libgcc.a(_thenan_sf.o)
 .text          0x0000000000004ff8       0xf2 /usr/lib/gcc/avr/4.3.3/avr5/libgcc.a(_usi_to_sf.o)
                0x0000000000004ff8                __floatunsisf
 .text          0x00000000000050ea        0x0 /usr/lib/gcc/avr/4.3.3/avr5/libgcc.a(_prologue.o)
 .text          0x00000000000050ea        0x0 /usr/lib/gcc/avr/4.3.3/avr5/libgcc.a(_epilogue.o)
 .text          0x00000000000050ea       0x9e /usr/lib/gcc/avr/4.3.3/avr5/libgcc.a(_clzsi2.o)
                0x00000000000050ea                __clzsi2
 .text          0x0000000000005188      0x1aa /usr/lib/gcc/avr/4.3.3/avr5/libgcc.a(_pack_sf.o)
                0x0000000000005188                __pack_f
 .text          0x0000000000005332       0xf0 /usr/lib/gcc/avr/4.3.3/avr5/libgcc.a(_unpack_sf.o)
                0x0000000000005332                __unpack_f
 .text          0x0000000000005422       0xb2 /usr/lib/gcc/avr/4.3.3/avr5/libgcc.a(_fpcmp_parts_sf.o)
                0x0000000000005422                __fpcmp_parts_f
 .text          0x00000000000054d4        0x0 /usr/lib/gcc/avr/4.3.3/avr5/libgcc.a(_clz.o)
 .text          0x00000000000054d4       0x98 /usr/lib/gcc/avr/4.3.3/../../../avr/lib/avr5/libc.a(fdevopen.o)
                0x00000000000054d4                fdevopen
 .text          0x000000000000556c        0x0 /usr/lib/gcc/avr/4.3.3/../../../avr/lib/avr5/libc.a(iob.o)
 .text          0x000000000000556c       0x2a /usr/lib/gcc/avr/4.3.3/../../../avr/lib/avr5/libc.a(printf.o)
                0x000000000000556c                printf
 .text          0x0000000000005596      0x3ba /usr/lib/gcc/avr/4.3.3/../../../avr/lib/avr5/libc.a(vfprintf_std.o)
                0x0000000000005596                vfprintf
 .text          0x0000000000005950       0x38 /usr/lib/gcc/avr/4.3.3/../../../avr/lib/avr5/libc.a(calloc.o)
                0x0000000000005950                calloc
 .text          0x0000000000005988      0x204 /usr/lib/gcc/avr/4.3.3/../../../avr/lib/avr5/libc.a(malloc.o)
                0x0000000000005988                malloc
                0x0000000000005adc                free
 .text          0x0000000000005b8c       0x16 /usr/lib/gcc/avr/4.3.3/../../../avr/lib/avr5/libc.a(strnlen_P.o)
                0x0000000000005b8c                strnlen_P
 .text          0x0000000000005ba2        0xe /usr/lib/gcc/avr/4.3.3/../../../avr/lib/avr5/libc.a(memset.o)
                0x0000000000005ba2                memset
 .text          0x0000000000005bb0       0x16 /usr/lib/gcc/avr/4.3.3/../../../avr/lib/avr5/libc.a(strnlen.o)
                0x0000000000005bb0                strnlen
 .text          0x0000000000005bc6       0x58 /usr/lib/gcc/avr/4.3.3/../../../avr/lib/avr5/libc.a(fputc.o)
                0x0000000000005bc6                fputc
 .text          0x0000000000005c1e       0xbc /usr/lib/gcc/avr/4.3.3/../../../avr/lib/avr5/libc.a(ultoa_invert.o)
                0x0000000000005c1e                __ultoa_invert
                0x0000000000005cda                . = ALIGN (0x2)
 *(.text.*)
 .text.libgcc   0x0000000000005cda       0x3e /usr/lib/gcc/avr/4.3.3/avr5/libgcc.a(_mulsi3.o)
                0x0000000000005cda                __mulsi3
 .text.libgcc   0x0000000000005d18       0x44 /usr/lib/gcc/avr/4.3.3/avr5/libgcc.a(_udivmodsi4.o)
                0x0000000000005d18                __udivmodsi4
 .text.libgcc   0x0000000000005d5c        0x0 /usr/lib/gcc/avr/4.3.3/avr5/libgcc.a(_exit.o)
 .text.libgcc   0x0000000000005d5c        0x0 /usr/lib/gcc/avr/4.3.3/avr5/libgcc.a(_copy_data.o)
 .text.libgcc   0x0000000000005d5c        0x0 /usr/lib/gcc/avr/4.3.3/avr5/libgcc.a(_clear_bss.o)
 .text.libgcc   0x0000000000005d5c       0x38 /usr/lib/gcc/avr/4.3.3/avr5/libgcc.a(_prologue.o)
                0x0000000000005d5c                __prologue_saves__
 .text.libgcc   0x0000000000005d94       0x36 /usr/lib/gcc/avr/4.3.3/avr5/libgcc.a(_epilogue.o)
                0x0000000000005d94                __epilogue_restores__
                0x0000000000005dca                . = ALIGN (0x2)
 *(.fini9)
 .fini9         0x0000000000005dca        0x0 /usr/lib/gcc/avr/4.3.3/avr5/libgcc.a(_exit.o)
                0x0000000000005dca                exit
                0x0000000000005dca                _exit
 *(.fini9)
 *(.fini8)
 *(.fini8)
 *(.fini7)
 *(.fini7)
 *(.fini6)
 *(.fini6)
 *(.fini5)
 *(.fini5)
 *(.fini4)
 *(.fini4)
 *(.fini3)
 *(.fini3)
 *(.fini2)
 *(.fini2)
 *(.fini1)
 *(.fini1)
 *(.fini0)
 .fini0         0x0000000000005dca        0x4 /usr/lib/gcc/avr/4.3.3/avr5/libgcc.a(_exit.o)
 *(.fini0)
                0x0000000000005dce                _etext = .

.data           0x0000000000800100      0x210 load address 0x0000000000005dce
                0x0000000000800100                PROVIDE (__data_start, .)
 *(.data)
 .data          0x0000000000800100        0x0 /usr/lib/gcc/avr/4.3.3/../../../avr/lib/avr5/crtm644.o
 .data          0x0000000000800100        0x0 a2d.o
 .data          0x0000000000800100       0x8b ff.o
 .data          0x000000000080018b        0x1 mmc.o
 .data          0x000000000080018c        0x0 stdusart0.o
 .data          0x000000000080018c        0x0 timer0ctc.o
 .data          0x000000000080018c       0x75 main.o
 .data          0x0000000000800201        0x0 /usr/lib/gcc/avr/4.3.3/avr5/libgcc.a(_mulsi3.o)
 .data          0x0000000000800201        0x0 /usr/lib/gcc/avr/4.3.3/avr5/libgcc.a(_udivmodsi4.o)
 .data          0x0000000000800201        0x0 /usr/lib/gcc/avr/4.3.3/avr5/libgcc.a(_exit.o)
 .data          0x0000000000800201        0x0 /usr/lib/gcc/avr/4.3.3/avr5/libgcc.a(_copy_data.o)
 .data          0x0000000000800201        0x0 /usr/lib/gcc/avr/4.3.3/avr5/libgcc.a(_clear_bss.o)
 .data          0x0000000000800201        0x0 /usr/lib/gcc/avr/4.3.3/avr5/libgcc.a(_fixunssfsi.o)
 .data          0x0000000000800201        0x0 /usr/lib/gcc/avr/4.3.3/avr5/libgcc.a(_addsub_sf.o)
 .data          0x0000000000800201        0x0 /usr/lib/gcc/avr/4.3.3/avr5/libgcc.a(_mul_sf.o)
 .data          0x0000000000800201        0x0 /usr/lib/gcc/avr/4.3.3/avr5/libgcc.a(_div_sf.o)
 .data          0x0000000000800201        0x0 /usr/lib/gcc/avr/4.3.3/avr5/libgcc.a(_ge_sf.o)
 .data          0x0000000000800201        0x0 /usr/lib/gcc/avr/4.3.3/avr5/libgcc.a(_sf_to_si.o)
 .data          0x0000000000800201        0x8 /usr/lib/gcc/avr/4.3.3/avr5/libgcc.a(_thenan_sf.o)
                0x0000000000800201                __thenan_sf
 .data          0x0000000000800209        0x0 /usr/lib/gcc/avr/4.3.3/avr5/libgcc.a(_usi_to_sf.o)
 .data          0x0000000000800209        0x0 /usr/lib/gcc/avr/4.3.3/avr5/libgcc.a(_prologue.o)
 .data          0x0000000000800209        0x0 /usr/lib/gcc/avr/4.3.3/avr5/libgcc.a(_epilogue.o)
 .data          0x0000000000800209        0x0 /usr/lib/gcc/avr/4.3.3/avr5/libgcc.a(_clzsi2.o)
 .data          0x0000000000800209        0x0 /usr/lib/gcc/avr/4.3.3/avr5/libgcc.a(_pack_sf.o)
 .data          0x0000000000800209        0x0 /usr/lib/gcc/avr/4.3.3/avr5/libgcc.a(_unpack_sf.o)
 .data          0x0000000000800209        0x0 /usr/lib/gcc/avr/4.3.3/avr5/libgcc.a(_fpcmp_parts_sf.o)
 .data          0x0000000000800209      0x100 /usr/lib/gcc/avr/4.3.3/avr5/libgcc.a(_clz.o)
                0x0000000000800209                __clz_tab
 .data          0x0000000000800309        0x0 /usr/lib/gcc/avr/4.3.3/../../../avr/lib/avr5/libc.a(fdevopen.o)
 .data          0x0000000000800309        0x0 /usr/lib/gcc/avr/4.3.3/../../../avr/lib/avr5/libc.a(iob.o)
 .data          0x0000000000800309        0x0 /usr/lib/gcc/avr/4.3.3/../../../avr/lib/avr5/libc.a(printf.o)
 .data          0x0000000000800309        0x0 /usr/lib/gcc/avr/4.3.3/../../../avr/lib/avr5/libc.a(vfprintf_std.o)
 .data          0x0000000000800309        0x0 /usr/lib/gcc/avr/4.3.3/../../../avr/lib/avr5/libc.a(calloc.o)
 .data          0x0000000000800309        0x6 /usr/lib/gcc/avr/4.3.3/../../../avr/lib/avr5/libc.a(malloc.o)
                0x000000000080030b                __malloc_heap_start
                0x000000000080030d                __malloc_heap_end
                0x0000000000800309                __malloc_margin
 .data          0x000000000080030f        0x0 /usr/lib/gcc/avr/4.3.3/../../../avr/lib/avr5/libc.a(strnlen_P.o)
 .data          0x000000000080030f        0x0 /usr/lib/gcc/avr/4.3.3/../../../avr/lib/avr5/libc.a(memset.o)
 .data          0x000000000080030f        0x0 /usr/lib/gcc/avr/4.3.3/../../../avr/lib/avr5/libc.a(strnlen.o)
 .data          0x000000000080030f        0x0 /usr/lib/gcc/avr/4.3.3/../../../avr/lib/avr5/libc.a(fputc.o)
 .data          0x000000000080030f        0x0 /usr/lib/gcc/avr/4.3.3/../../../avr/lib/avr5/libc.a(ultoa_invert.o)
 *(.data*)
 *(.rodata)
 *(.rodata*)
 *(.gnu.linkonce.d*)
                0x0000000000800310                . = ALIGN (0x2)
 *fill*         0x000000000080030f        0x1 00
                0x0000000000800310                _edata = .
                0x0000000000800310                PROVIDE (__data_end, .)

.bss            0x0000000000800310      0x240 load address 0x0000000000005fde
                0x0000000000800310                PROVIDE (__bss_start, .)
 *(.bss)
 .bss           0x0000000000800310        0x0 /usr/lib/gcc/avr/4.3.3/../../../avr/lib/avr5/crtm644.o
 .bss           0x0000000000800310        0x0 a2d.o
 .bss           0x0000000000800310        0x4 ff.o
 .bss           0x0000000000800314        0x3 mmc.o
 .bss           0x0000000000800317        0x0 stdusart0.o
 .bss           0x0000000000800317        0x0 timer0ctc.o
 .bss           0x0000000000800317      0x22f main.o
                0x0000000000800317                ch
 .bss           0x0000000000800546        0x0 /usr/lib/gcc/avr/4.3.3/avr5/libgcc.a(_mulsi3.o)
 .bss           0x0000000000800546        0x0 /usr/lib/gcc/avr/4.3.3/avr5/libgcc.a(_udivmodsi4.o)
 .bss           0x0000000000800546        0x0 /usr/lib/gcc/avr/4.3.3/avr5/libgcc.a(_exit.o)
 .bss           0x0000000000800546        0x0 /usr/lib/gcc/avr/4.3.3/avr5/libgcc.a(_copy_data.o)
 .bss           0x0000000000800546        0x0 /usr/lib/gcc/avr/4.3.3/avr5/libgcc.a(_clear_bss.o)
 .bss           0x0000000000800546        0x0 /usr/lib/gcc/avr/4.3.3/avr5/libgcc.a(_fixunssfsi.o)
 .bss           0x0000000000800546        0x0 /usr/lib/gcc/avr/4.3.3/avr5/libgcc.a(_addsub_sf.o)
 .bss           0x0000000000800546        0x0 /usr/lib/gcc/avr/4.3.3/avr5/libgcc.a(_mul_sf.o)
 .bss           0x0000000000800546        0x0 /usr/lib/gcc/avr/4.3.3/avr5/libgcc.a(_div_sf.o)
 .bss           0x0000000000800546        0x0 /usr/lib/gcc/avr/4.3.3/avr5/libgcc.a(_ge_sf.o)
 .bss           0x0000000000800546        0x0 /usr/lib/gcc/avr/4.3.3/avr5/libgcc.a(_sf_to_si.o)
 .bss           0x0000000000800546        0x0 /usr/lib/gcc/avr/4.3.3/avr5/libgcc.a(_thenan_sf.o)
 .bss           0x0000000000800546        0x0 /usr/lib/gcc/avr/4.3.3/avr5/libgcc.a(_usi_to_sf.o)
 .bss           0x0000000000800546        0x0 /usr/lib/gcc/avr/4.3.3/avr5/libgcc.a(_prologue.o)
 .bss           0x0000000000800546        0x0 /usr/lib/gcc/avr/4.3.3/avr5/libgcc.a(_epilogue.o)
 .bss           0x0000000000800546        0x0 /usr/lib/gcc/avr/4.3.3/avr5/libgcc.a(_clzsi2.o)
 .bss           0x0000000000800546        0x0 /usr/lib/gcc/avr/4.3.3/avr5/libgcc.a(_pack_sf.o)
 .bss           0x0000000000800546        0x0 /usr/lib/gcc/avr/4.3.3/avr5/libgcc.a(_unpack_sf.o)
 .bss           0x0000000000800546        0x0 /usr/lib/gcc/avr/4.3.3/avr5/libgcc.a(_fpcmp_parts_sf.o)
 .bss           0x0000000000800546        0x0 /usr/lib/gcc/avr/4.3.3/avr5/libgcc.a(_clz.o)
 .bss           0x0000000000800546        0x0 /usr/lib/gcc/avr/4.3.3/../../../avr/lib/avr5/libc.a(fdevopen.o)
 .bss           0x0000000000800546        0x0 /usr/lib/gcc/avr/4.3.3/../../../avr/lib/avr5/libc.a(iob.o)
 .bss           0x0000000000800546        0x0 /usr/lib/gcc/avr/4.3.3/../../../avr/lib/avr5/libc.a(printf.o)
 .bss           0x0000000000800546        0x0 /usr/lib/gcc/avr/4.3.3/../../../avr/lib/avr5/libc.a(vfprintf_std.o)
 .bss           0x0000000000800546        0x0 /usr/lib/gcc/avr/4.3.3/../../../avr/lib/avr5/libc.a(calloc.o)
 .bss           0x0000000000800546        0x0 /usr/lib/gcc/avr/4.3.3/../../../avr/lib/avr5/libc.a(malloc.o)
 .bss           0x0000000000800546        0x0 /usr/lib/gcc/avr/4.3.3/../../../avr/lib/avr5/libc.a(strnlen_P.o)
 .bss           0x0000000000800546        0x0 /usr/lib/gcc/avr/4.3.3/../../../avr/lib/avr5/libc.a(memset.o)
 .bss           0x0000000000800546        0x0 /usr/lib/gcc/avr/4.3.3/../../../avr/lib/avr5/libc.a(strnlen.o)
 .bss           0x0000000000800546        0x0 /usr/lib/gcc/avr/4.3.3/../../../avr/lib/avr5/libc.a(fputc.o)
 .bss           0x0000000000800546        0x0 /usr/lib/gcc/avr/4.3.3/../../../avr/lib/avr5/libc.a(ultoa_invert.o)
 *(.bss*)
 *(COMMON)
 COMMON         0x0000000000800546        0x6 /usr/lib/gcc/avr/4.3.3/../../../avr/lib/avr5/libc.a(iob.o)
                0x0000000000800546                __iob
 COMMON         0x000000000080054c        0x4 /usr/lib/gcc/avr/4.3.3/../../../avr/lib/avr5/libc.a(malloc.o)
                0x000000000080054c                __brkval
                0x000000000080054e                __flp
                0x0000000000800550                PROVIDE (__bss_end, .)
                0x0000000000005dce                __data_load_start = LOADADDR (.data)
                0x0000000000005fde                __data_load_end = (__data_load_start + SIZEOF (.data))

.noinit         0x0000000000800550        0x0
                0x0000000000800550                PROVIDE (__noinit_start, .)
 *(.noinit*)
                0x0000000000800550                PROVIDE (__noinit_end, .)
                0x0000000000800550                _end = .
                0x0000000000800550                PROVIDE (__heap_start, .)

.eeprom         0x0000000000810000        0x0
 *(.eeprom*)
                0x0000000000810000                __eeprom_end = .

.fuse
 *(.fuse)
 *(.lfuse)
 *(.hfuse)
 *(.efuse)

.lock
 *(.lock*)

.signature
 *(.signature*)

.stab           0x0000000000000000     0x8e8c
 *(.stab)
 .stab          0x0000000000000000      0x6b4 /usr/lib/gcc/avr/4.3.3/../../../avr/lib/avr5/crtm644.o
 .stab          0x00000000000006b4      0x4a4 a2d.o
                                        0x4b0 (size before relaxing)
 .stab          0x0000000000000b58     0x4698 ff.o
                                       0x46a4 (size before relaxing)
 .stab          0x00000000000051f0     0x11ac mmc.o
                                       0x144c (size before relaxing)
 .stab          0x000000000000639c      0x2e8 stdusart0.o
                                        0x4c8 (size before relaxing)
 .stab          0x0000000000006684      0x420 timer0ctc.o
                                        0x5dc (size before relaxing)
 .stab          0x0000000000006aa4      0x4d4 main.o
                                        0x84c (size before relaxing)
 .stab          0x0000000000006f78      0x48c /usr/lib/gcc/avr/4.3.3/../../../avr/lib/avr5/libc.a(fdevopen.o)
                                        0x498 (size before relaxing)
 .stab          0x0000000000007404      0x12c /usr/lib/gcc/avr/4.3.3/../../../avr/lib/avr5/libc.a(iob.o)
                                        0x30c (size before relaxing)
 .stab          0x0000000000007530      0x18c /usr/lib/gcc/avr/4.3.3/../../../avr/lib/avr5/libc.a(printf.o)
                                        0x36c (size before relaxing)
 .stab          0x00000000000076bc      0x930 /usr/lib/gcc/avr/4.3.3/../../../avr/lib/avr5/libc.a(vfprintf_std.o)
                                        0xb58 (size before relaxing)
 .stab          0x0000000000007fec      0x198 /usr/lib/gcc/avr/4.3.3/../../../avr/lib/avr5/libc.a(calloc.o)
                                        0x1d4 (size before relaxing)
 .stab          0x0000000000008184      0x510 /usr/lib/gcc/avr/4.3.3/../../../avr/lib/avr5/libc.a(malloc.o)
                                        0x6f0 (size before relaxing)
 .stab          0x0000000000008694       0x9c /usr/lib/gcc/avr/4.3.3/../../../avr/lib/avr5/libc.a(strnlen_P.o)
                                         0xa8 (size before relaxing)
 .stab          0x0000000000008730       0x6c /usr/lib/gcc/avr/4.3.3/../../../avr/lib/avr5/libc.a(memset.o)
                                         0x78 (size before relaxing)
 .stab          0x000000000000879c       0x9c /usr/lib/gcc/avr/4.3.3/../../../avr/lib/avr5/libc.a(strnlen.o)
                                         0xa8 (size before relaxing)
 .stab          0x0000000000008838      0x1d4 /usr/lib/gcc/avr/4.3.3/../../../avr/lib/avr5/libc.a(fputc.o)
                                        0x3b4 (size before relaxing)
 .stab          0x0000000000008a0c      0x480 /usr/lib/gcc/avr/4.3.3/../../../avr/lib/avr5/libc.a(ultoa_invert.o)
                                        0x48c (size before relaxing)

.stabstr        0x0000000000000000     0x2a8a
 *(.stabstr)
 .stabstr       0x0000000000000000     0x2a8a /usr/lib/gcc/avr/4.3.3/../../../avr/lib/avr5/crtm644.o

.stab.excl
 *(.stab.excl)

.stab.exclstr
 *(.stab.exclstr)

.stab.index
 *(.stab.index)

.stab.indexstr
 *(.stab.indexstr)

.comment
 *(.comment)

.debug
 *(.debug)

.line
 *(.line)

.debug_srcinfo
 *(.debug_srcinfo)

.debug_sfnames
 *(.debug_sfnames)

.debug_aranges
 *(.debug_aranges)

.debug_pubnames
 *(.debug_pubnames)

.debug_info
 *(.debug_info)
 *(.gnu.linkonce.wi.*)

.debug_abbrev
 *(.debug_abbrev)

.debug_line
 *(.debug_line)

.debug_frame
 *(.debug_frame)

.debug_str
 *(.debug_str)

.debug_loc
 *(.debug_loc)

.debug_macinfo
 *(.debug_macinfo)
OUTPUT(logtemplight.out elf32-avr)
LOAD linker stubs
