Archive member included because of file (symbol)

C:/WinAVR/bin/../lib/gcc/avr/3.4.3/avr4\libgcc.a(_exit.o)
                              io.o (exit)
C:/WinAVR/bin/../lib/gcc/avr/3.4.3/avr4\libgcc.a(_copy_data.o)
                              io.o (__do_copy_data)
C:/WinAVR/bin/../lib/gcc/avr/3.4.3/avr4\libgcc.a(_clear_bss.o)
                              io.o (__do_clear_bss)

Allocating common symbols
Common symbol       size              file

counttopulse        0x4               io.o
reload              0x2               io.o
counter             0x4               io.o
plsref              0x2               io.o

Memory Configuration

Name             Origin             Length             Attributes
text             0x00000000         0x00002000         xr
data             0x00800060         0x0000ffa0         rw !x
eeprom           0x00810000         0x00010000         rw !x
*default*        0x00000000         0xffffffff

Linker script and memory map

LOAD C:/WinAVR/bin/../lib/gcc/avr/3.4.3/../../../../avr/lib/avr4/crtm8.o
LOAD io.o
LOAD servo.o
LOAD C:/WinAVR/bin/../lib/gcc/avr/3.4.3/../../../../avr/lib/avr4\libm.a
LOAD C:/WinAVR/bin/../lib/gcc/avr/3.4.3/avr4\libgcc.a
LOAD C:/WinAVR/bin/../lib/gcc/avr/3.4.3/../../../../avr/lib/avr4\libc.a
LOAD C:/WinAVR/bin/../lib/gcc/avr/3.4.3/avr4\libgcc.a

.hash
 *(.hash)

.dynsym
 *(.dynsym)

.dynstr
 *(.dynstr)

.gnu.version
 *(.gnu.version)

.gnu.version_d
 *(.gnu.version_d)

.gnu.version_r
 *(.gnu.version_r)

.rel.init
 *(.rel.init)

.rela.init
 *(.rela.init)

.rel.text
 *(.rel.text)
 *(.rel.text.*)
 *(.rel.gnu.linkonce.t*)

.rela.text
 *(.rela.text)
 *(.rela.text.*)
 *(.rela.gnu.linkonce.t*)

.rel.fini
 *(.rel.fini)

.rela.fini
 *(.rela.fini)

.rel.rodata
 *(.rel.rodata)
 *(.rel.rodata.*)
 *(.rel.gnu.linkonce.r*)

.rela.rodata
 *(.rela.rodata)
 *(.rela.rodata.*)
 *(.rela.gnu.linkonce.r*)

.rel.data
 *(.rel.data)
 *(.rel.data.*)
 *(.rel.gnu.linkonce.d*)

.rela.data
 *(.rela.data)
 *(.rela.data.*)
 *(.rela.gnu.linkonce.d*)

.rel.ctors
 *(.rel.ctors)

.rela.ctors
 *(.rela.ctors)

.rel.dtors
 *(.rel.dtors)

.rela.dtors
 *(.rela.dtors)

.rel.got
 *(.rel.got)

.rela.got
 *(.rela.got)

.rel.bss
 *(.rel.bss)

.rela.bss
 *(.rela.bss)

.rel.plt
 *(.rel.plt)

.rela.plt
 *(.rela.plt)

.text           0x00000000      0x282
 *(.vectors)
 .vectors       0x00000000       0x26 C:/WinAVR/bin/../lib/gcc/avr/3.4.3/../../../../avr/lib/avr4/crtm8.o
                0x00000000                __vectors
                0x00000000                __vector_default
                0x00000026                __ctors_start = .
 *(.ctors)
                0x00000026                __ctors_end = .
                0x00000026                __dtors_start = .
 *(.dtors)
                0x00000026                __dtors_end = .
 *(.progmem.gcc*)
 *(.progmem*)
                0x00000026                . = ALIGN (0x2)
 *(.init0)
 *(.init1)
 *(.init2)
 .init2         0x00000026        0xc C:/WinAVR/bin/../lib/gcc/avr/3.4.3/../../../../avr/lib/avr4/crtm8.o
 *(.init3)
 *(.init4)
 .init4         0x00000032       0x16 C:/WinAVR/bin/../lib/gcc/avr/3.4.3/avr4\libgcc.a(_copy_data.o)
                0x00000032                __do_copy_data
 .init4         0x00000048       0x10 C:/WinAVR/bin/../lib/gcc/avr/3.4.3/avr4\libgcc.a(_clear_bss.o)
                0x00000048                __do_clear_bss
 *(.init5)
 *(.init6)
 *(.init7)
 *(.init8)
 *(.init9)
 .init9         0x00000058        0x2 C:/WinAVR/bin/../lib/gcc/avr/3.4.3/../../../../avr/lib/avr4/crtm8.o
 *(.text)
 .text          0x0000005a        0x2 C:/WinAVR/bin/../lib/gcc/avr/3.4.3/../../../../avr/lib/avr4/crtm8.o
                0x0000005a                __vector_1
                0x0000005a                __vector_12
                0x0000005a                __bad_interrupt
                0x0000005a                __vector_6
                0x0000005a                __vector_3
                0x0000005a                __vector_11
                0x0000005a                __vector_13
                0x0000005a                __vector_17
                0x0000005a                __vector_7
                0x0000005a                __vector_5
                0x0000005a                __vector_4
                0x0000005a                __vector_2
                0x0000005a                __vector_15
                0x0000005a                __vector_8
                0x0000005a                __vector_14
                0x0000005a                __vector_10
                0x0000005a                __vector_16
                0x0000005a                __vector_18
 .text          0x0000005c       0x9a io.o
                0x0000005c                MAIN_PRG
                0x000000dc                DELAY_MS
                0x000000b0                main
                0x000000d2                DELAY_US
 .text          0x000000f6      0x18a servo.o
                0x0000014a                setservo2
                0x000000f6                initservos
                0x0000015c                __vector_9
                0x00000138                setservo1
                0x00000280                . = ALIGN (0x2)
 *(.text.*)
                0x00000280                . = ALIGN (0x2)
 *(.fini9)
 *(.fini8)
 *(.fini7)
 *(.fini6)
 *(.fini5)
 *(.fini4)
 *(.fini3)
 *(.fini2)
 *(.fini1)
 *(.fini0)
 .fini0         0x00000280        0x2 C:/WinAVR/bin/../lib/gcc/avr/3.4.3/avr4\libgcc.a(_exit.o)
                0x00000282                _etext = .

.data           0x00800060        0x0 load address 0x00000282
                0x00800060                PROVIDE (__data_start, .)
 *(.data)
 *(.gnu.linkonce.d*)
                0x00800060                . = ALIGN (0x2)
                0x00800060                _edata = .
                0x00800060                PROVIDE (__data_end, .)

.bss            0x00800060        0xc
                0x00800060                PROVIDE (__bss_start, .)
 *(.bss)
 *(COMMON)
 COMMON         0x00800060        0xc io.o
                                  0x0 (size before relaxing)
                0x00800060                counttopulse
                0x00800064                reload
                0x00800066                counter
                0x0080006a                plsref
                0x0080006c                PROVIDE (__bss_end, .)
                0x00000282                __data_load_start = LOADADDR (.data)
                0x00000282                __data_load_end = (__data_load_start + SIZEOF (.data))

.noinit         0x0080006c        0x0
                0x0080006c                PROVIDE (__noinit_start, .)
 *(.noinit*)
                0x0080006c                PROVIDE (__noinit_end, .)
                0x0080006c                _end = .
                0x0080006c                PROVIDE (__heap_start, .)

.eeprom         0x00810000        0x0
 *(.eeprom*)
                0x00810000                __eeprom_end = .

.stab
 *(.stab)

.stabstr
 *(.stabstr)

.stab.excl
 *(.stab.excl)

.stab.exclstr
 *(.stab.exclstr)

.stab.index
 *(.stab.index)

.stab.indexstr
 *(.stab.indexstr)

.comment
 *(.comment)

.debug
 *(.debug)

.line
 *(.line)

.debug_srcinfo
 *(.debug_srcinfo)

.debug_sfnames
 *(.debug_sfnames)

.debug_aranges  0x00000000       0x28
 *(.debug_aranges)
 .debug_aranges
                0x00000000       0x14 io.o
 .debug_aranges
                0x00000014       0x14 servo.o

.debug_pubnames
                0x00000000       0xf4
 *(.debug_pubnames)
 .debug_pubnames
                0x00000000       0x75 io.o
 .debug_pubnames
                0x00000075       0x7f servo.o

.debug_info     0x00000000      0x33d
 *(.debug_info)
 .debug_info    0x00000000      0x1af io.o
 .debug_info    0x000001af      0x18e servo.o
 *(.gnu.linkonce.wi.*)

.debug_abbrev   0x00000000      0x14a
 *(.debug_abbrev)
 .debug_abbrev  0x00000000       0xb5 io.o
 .debug_abbrev  0x000000b5       0x95 servo.o

.debug_line     0x00000000      0x2cf
 *(.debug_line)
 .debug_line    0x00000000      0x144 io.o
 .debug_line    0x00000144      0x18b servo.o

.debug_frame
 *(.debug_frame)

.debug_str      0x00000000      0x135
 *(.debug_str)
 .debug_str     0x00000000       0xd6 io.o
                                0x110 (size before relaxing)
 .debug_str     0x000000d6       0x5f servo.o
                                0x11f (size before relaxing)

.debug_loc
 *(.debug_loc)

.debug_macinfo
 *(.debug_macinfo)
OUTPUT(io.elf elf32-avr)

Cross Reference Table

Symbol                                            File
DELAY_MS                                          io.o
DELAY_US                                          io.o
MAIN_PRG                                          io.o
__bad_interrupt                                   C:/WinAVR/bin/../lib/gcc/avr/3.4.3/../../../../avr/lib/avr4/crtm8.o
__bss_end                                         C:/WinAVR/bin/../lib/gcc/avr/3.4.3/avr4\libgcc.a(_clear_bss.o)
__bss_start                                       C:/WinAVR/bin/../lib/gcc/avr/3.4.3/avr4\libgcc.a(_clear_bss.o)
__data_end                                        C:/WinAVR/bin/../lib/gcc/avr/3.4.3/avr4\libgcc.a(_copy_data.o)
__data_load_start                                 C:/WinAVR/bin/../lib/gcc/avr/3.4.3/avr4\libgcc.a(_copy_data.o)
__data_start                                      C:/WinAVR/bin/../lib/gcc/avr/3.4.3/avr4\libgcc.a(_copy_data.o)
__do_clear_bss                                    C:/WinAVR/bin/../lib/gcc/avr/3.4.3/avr4\libgcc.a(_clear_bss.o)
                                                  servo.o
                                                  io.o
__do_copy_data                                    C:/WinAVR/bin/../lib/gcc/avr/3.4.3/avr4\libgcc.a(_copy_data.o)
                                                  servo.o
                                                  io.o
__heap_end                                        C:/WinAVR/bin/../lib/gcc/avr/3.4.3/../../../../avr/lib/avr4/crtm8.o
__init                                            C:/WinAVR/bin/../lib/gcc/avr/3.4.3/../../../../avr/lib/avr4/crtm8.o
__stack                                           C:/WinAVR/bin/../lib/gcc/avr/3.4.3/../../../../avr/lib/avr4/crtm8.o
                                                  io.o
__vector_1                                        C:/WinAVR/bin/../lib/gcc/avr/3.4.3/../../../../avr/lib/avr4/crtm8.o
__vector_10                                       C:/WinAVR/bin/../lib/gcc/avr/3.4.3/../../../../avr/lib/avr4/crtm8.o
__vector_11                                       C:/WinAVR/bin/../lib/gcc/avr/3.4.3/../../../../avr/lib/avr4/crtm8.o
__vector_12                                       C:/WinAVR/bin/../lib/gcc/avr/3.4.3/../../../../avr/lib/avr4/crtm8.o
__vector_13                                       C:/WinAVR/bin/../lib/gcc/avr/3.4.3/../../../../avr/lib/avr4/crtm8.o
__vector_14                                       C:/WinAVR/bin/../lib/gcc/avr/3.4.3/../../../../avr/lib/avr4/crtm8.o
__vector_15                                       C:/WinAVR/bin/../lib/gcc/avr/3.4.3/../../../../avr/lib/avr4/crtm8.o
__vector_16                                       C:/WinAVR/bin/../lib/gcc/avr/3.4.3/../../../../avr/lib/avr4/crtm8.o
__vector_17                                       C:/WinAVR/bin/../lib/gcc/avr/3.4.3/../../../../avr/lib/avr4/crtm8.o
__vector_18                                       C:/WinAVR/bin/../lib/gcc/avr/3.4.3/../../../../avr/lib/avr4/crtm8.o
__vector_2                                        C:/WinAVR/bin/../lib/gcc/avr/3.4.3/../../../../avr/lib/avr4/crtm8.o
__vector_3                                        C:/WinAVR/bin/../lib/gcc/avr/3.4.3/../../../../avr/lib/avr4/crtm8.o
__vector_4                                        C:/WinAVR/bin/../lib/gcc/avr/3.4.3/../../../../avr/lib/avr4/crtm8.o
__vector_5                                        C:/WinAVR/bin/../lib/gcc/avr/3.4.3/../../../../avr/lib/avr4/crtm8.o
__vector_6                                        C:/WinAVR/bin/../lib/gcc/avr/3.4.3/../../../../avr/lib/avr4/crtm8.o
__vector_7                                        C:/WinAVR/bin/../lib/gcc/avr/3.4.3/../../../../avr/lib/avr4/crtm8.o
__vector_8                                        C:/WinAVR/bin/../lib/gcc/avr/3.4.3/../../../../avr/lib/avr4/crtm8.o
__vector_9                                        servo.o
                                                  C:/WinAVR/bin/../lib/gcc/avr/3.4.3/../../../../avr/lib/avr4/crtm8.o
__vector_default                                  C:/WinAVR/bin/../lib/gcc/avr/3.4.3/../../../../avr/lib/avr4/crtm8.o
__vectors                                         C:/WinAVR/bin/../lib/gcc/avr/3.4.3/../../../../avr/lib/avr4/crtm8.o
_exit                                             C:/WinAVR/bin/../lib/gcc/avr/3.4.3/avr4\libgcc.a(_exit.o)
counter                                           servo.o
                                                  io.o
counttopulse                                      servo.o
                                                  io.o
exit                                              C:/WinAVR/bin/../lib/gcc/avr/3.4.3/avr4\libgcc.a(_exit.o)
                                                  io.o
initservos                                        servo.o
                                                  io.o
main                                              io.o
                                                  C:/WinAVR/bin/../lib/gcc/avr/3.4.3/../../../../avr/lib/avr4/crtm8.o
plsref                                            servo.o
                                                  io.o
reload                                            servo.o
                                                  io.o
setservo1                                         servo.o
                                                  io.o
setservo2                                         servo.o
