Archive member included because of file (symbol)

c:/winavr/bin/../lib/gcc/avr/4.1.1/../../../../avr/lib/avr4\libm.a(addsf3.o)
                              main.o (__subsf3)
c:/winavr/bin/../lib/gcc/avr/4.1.1/../../../../avr/lib/avr4\libm.a(addsf3x.o)
                              c:/winavr/bin/../lib/gcc/avr/4.1.1/../../../../avr/lib/avr4\libm.a(addsf3.o) (__addsf3x)
c:/winavr/bin/../lib/gcc/avr/4.1.1/../../../../avr/lib/avr4\libm.a(fixsfsi.o)
                              main.o (__fixunssfsi)
c:/winavr/bin/../lib/gcc/avr/4.1.1/../../../../avr/lib/avr4\libm.a(fp_merge.o)
                              c:/winavr/bin/../lib/gcc/avr/4.1.1/../../../../avr/lib/avr4\libm.a(addsf3.o) (__fp_merge)
c:/winavr/bin/../lib/gcc/avr/4.1.1/../../../../avr/lib/avr4\libm.a(fp_split.o)
                              c:/winavr/bin/../lib/gcc/avr/4.1.1/../../../../avr/lib/avr4\libm.a(addsf3.o) (__fp_split3)
c:/winavr/bin/../lib/gcc/avr/4.1.1/../../../../avr/lib/avr4\libm.a(fp_zero.o)
                              c:/winavr/bin/../lib/gcc/avr/4.1.1/../../../../avr/lib/avr4\libm.a(fixsfsi.o) (__fp_zero)
c:/winavr/bin/../lib/gcc/avr/4.1.1/../../../../avr/lib/avr4\libm.a(fp_nan.o)
                              c:/winavr/bin/../lib/gcc/avr/4.1.1/../../../../avr/lib/avr4\libm.a(fp_split.o) (__fp_nan)
c:/winavr/bin/../lib/gcc/avr/4.1.1/avr4\libgcc.a(_copy_data.o)
                              main.o (__do_copy_data)
c:/winavr/bin/../lib/gcc/avr/4.1.1/avr4\libgcc.a(_clear_bss.o)
                              main.o (__do_clear_bss)

Discarded input sections

 .stabstr       0x00000000        0x0 c:/winavr/bin/../lib/gcc/avr/4.1.1/../../../../avr/lib/avr4/crtm48.o

Memory Configuration

Name             Origin             Length             Attributes
text             0x00000000         0x00002000         xr
data             0x00800060         0x0000ffa0         rw !x
eeprom           0x00810000         0x00010000         rw !x
*default*        0x00000000         0xffffffff

Linker script and memory map

Address of section .data set to 0x800100
LOAD c:/winavr/bin/../lib/gcc/avr/4.1.1/../../../../avr/lib/avr4/crtm48.o
LOAD main.o
LOAD timer1PWM.o
LOAD c:/winavr/bin/../lib/gcc/avr/4.1.1/../../../../avr/lib/avr4\libm.a
LOAD c:/winavr/bin/../lib/gcc/avr/4.1.1/avr4\libgcc.a
LOAD c:/winavr/bin/../lib/gcc/avr/4.1.1/../../../../avr/lib/avr4\libc.a
LOAD c:/winavr/bin/../lib/gcc/avr/4.1.1/avr4\libgcc.a

.hash
 *(.hash)

.dynsym
 *(.dynsym)

.dynstr
 *(.dynstr)

.gnu.version
 *(.gnu.version)

.gnu.version_d
 *(.gnu.version_d)

.gnu.version_r
 *(.gnu.version_r)

.rel.init
 *(.rel.init)

.rela.init
 *(.rela.init)

.rel.text
 *(.rel.text)
 *(.rel.text.*)
 *(.rel.gnu.linkonce.t*)

.rela.text
 *(.rela.text)
 *(.rela.text.*)
 *(.rela.gnu.linkonce.t*)

.rel.fini
 *(.rel.fini)

.rela.fini
 *(.rela.fini)

.rel.rodata
 *(.rel.rodata)
 *(.rel.rodata.*)
 *(.rel.gnu.linkonce.r*)

.rela.rodata
 *(.rela.rodata)
 *(.rela.rodata.*)
 *(.rela.gnu.linkonce.r*)

.rel.data
 *(.rel.data)
 *(.rel.data.*)
 *(.rel.gnu.linkonce.d*)

.rela.data
 *(.rela.data)
 *(.rela.data.*)
 *(.rela.gnu.linkonce.d*)

.rel.ctors
 *(.rel.ctors)

.rela.ctors
 *(.rela.ctors)

.rel.dtors
 *(.rel.dtors)

.rela.dtors
 *(.rela.dtors)

.rel.got
 *(.rel.got)

.rela.got
 *(.rela.got)

.rel.bss
 *(.rel.bss)

.rela.bss
 *(.rela.bss)

.rel.plt
 *(.rel.plt)

.rela.plt
 *(.rela.plt)

.text           0x00000000      0x3da
 *(.vectors)
 .vectors       0x00000000       0x34 c:/winavr/bin/../lib/gcc/avr/4.1.1/../../../../avr/lib/avr4/crtm48.o
                0x00000000                __vectors
                0x00000000                __vector_default
 *(.vectors)
 *(.progmem.gcc*)
 *(.progmem*)
                0x00000034                . = ALIGN (0x2)
                0x00000034                __trampolines_start = .
 *(.trampolines)
 .trampolines   0x00000034        0x0 linker stubs
 *(.trampolines*)
                0x00000034                __trampolines_end = .
 *(.jumptables)
 *(.jumptables*)
 *(.lowtext)
 *(.lowtext*)
                0x00000034                __ctors_start = .
 *(.ctors)
                0x00000034                __ctors_end = .
                0x00000034                __dtors_start = .
 *(.dtors)
                0x00000034                __dtors_end = .
 SORT(*)(.ctors)
 SORT(*)(.dtors)
 *(.init0)
 .init0         0x00000034        0x0 c:/winavr/bin/../lib/gcc/avr/4.1.1/../../../../avr/lib/avr4/crtm48.o
                0x00000034                __init
 *(.init0)
 *(.init1)
 *(.init1)
 *(.init2)
 .init2         0x00000034        0xc c:/winavr/bin/../lib/gcc/avr/4.1.1/../../../../avr/lib/avr4/crtm48.o
 *(.init2)
 *(.init3)
 *(.init3)
 *(.init4)
 .init4         0x00000040       0x16 c:/winavr/bin/../lib/gcc/avr/4.1.1/avr4\libgcc.a(_copy_data.o)
                0x00000040                __do_copy_data
 .init4         0x00000056       0x10 c:/winavr/bin/../lib/gcc/avr/4.1.1/avr4\libgcc.a(_clear_bss.o)
                0x00000056                __do_clear_bss
 *(.init4)
 *(.init5)
 *(.init5)
 *(.init6)
 *(.init6)
 *(.init7)
 *(.init7)
 *(.init8)
 *(.init8)
 *(.init9)
 .init9         0x00000066        0x2 c:/winavr/bin/../lib/gcc/avr/4.1.1/../../../../avr/lib/avr4/crtm48.o
 *(.init9)
 *(.text)
 .text          0x00000068        0x2 c:/winavr/bin/../lib/gcc/avr/4.1.1/../../../../avr/lib/avr4/crtm48.o
                0x00000068                __vector_22
                0x00000068                __vector_1
                0x00000068                __vector_24
                0x00000068                __vector_12
                0x00000068                __bad_interrupt
                0x00000068                __vector_6
                0x00000068                __vector_3
                0x00000068                __vector_23
                0x00000068                __vector_25
                0x00000068                __vector_11
                0x00000068                __vector_13
                0x00000068                __vector_17
                0x00000068                __vector_19
                0x00000068                __vector_7
                0x00000068                __vector_5
                0x00000068                __vector_4
                0x00000068                __vector_9
                0x00000068                __vector_2
                0x00000068                __vector_21
                0x00000068                __vector_15
                0x00000068                __vector_8
                0x00000068                __vector_14
                0x00000068                __vector_10
                0x00000068                __vector_16
                0x00000068                __vector_18
                0x00000068                __vector_20
 .text          0x0000006a      0x178 main.o
                0x0000006a                slowstart
                0x00000162                main
                0x000000e6                slowstop
 .text          0x000001e2       0xa0 timer1PWM.o
                0x000001f0                initPWM09
                0x00000216                setCHB08
                0x0000026a                setCHA
                0x00000220                setCHA09
                0x00000230                setCHB09
                0x000001fe                initPWM10
                0x000001e2                initPWM08
                0x0000020c                setCHA08
                0x00000274                initPWM
                0x00000250                setCHB10
                0x00000240                setCHA10
                0x00000260                setCHB
 .text          0x00000282        0x0 c:/winavr/bin/../lib/gcc/avr/4.1.1/../../../../avr/lib/avr4\libm.a(addsf3.o)
 .text          0x00000282        0x0 c:/winavr/bin/../lib/gcc/avr/4.1.1/../../../../avr/lib/avr4\libm.a(addsf3x.o)
 .text          0x00000282        0x0 c:/winavr/bin/../lib/gcc/avr/4.1.1/../../../../avr/lib/avr4\libm.a(fixsfsi.o)
 .text          0x00000282        0x0 c:/winavr/bin/../lib/gcc/avr/4.1.1/../../../../avr/lib/avr4\libm.a(fp_merge.o)
 .text          0x00000282        0x0 c:/winavr/bin/../lib/gcc/avr/4.1.1/../../../../avr/lib/avr4\libm.a(fp_split.o)
 .text          0x00000282        0x0 c:/winavr/bin/../lib/gcc/avr/4.1.1/../../../../avr/lib/avr4\libm.a(fp_zero.o)
 .text          0x00000282        0x0 c:/winavr/bin/../lib/gcc/avr/4.1.1/../../../../avr/lib/avr4\libm.a(fp_nan.o)
 .text          0x00000282        0x0 c:/winavr/bin/../lib/gcc/avr/4.1.1/avr4\libgcc.a(_copy_data.o)
 .text          0x00000282        0x0 c:/winavr/bin/../lib/gcc/avr/4.1.1/avr4\libgcc.a(_clear_bss.o)
                0x00000282                . = ALIGN (0x2)
 *(.text.*)
 .text.fplib    0x00000282        0xa c:/winavr/bin/../lib/gcc/avr/4.1.1/../../../../avr/lib/avr4\libm.a(addsf3.o)
                0x00000282                __subsf3
                0x00000284                __addsf3
 .text.fplib    0x0000028c       0x7c c:/winavr/bin/../lib/gcc/avr/4.1.1/../../../../avr/lib/avr4\libm.a(addsf3x.o)
                0x0000028c                __addsf3x
 .text.fplib    0x00000308       0x36 c:/winavr/bin/../lib/gcc/avr/4.1.1/../../../../avr/lib/avr4\libm.a(fixsfsi.o)
                0x00000308                __fixsfsi
                0x0000032e                __fp_lneg
                0x00000308                __fixunssfsi
 .text.fplib    0x0000033e       0x3a c:/winavr/bin/../lib/gcc/avr/4.1.1/../../../../avr/lib/avr4\libm.a(fp_merge.o)
                0x00000348                __fp_merge
 .text.fplib    0x00000378       0x52 c:/winavr/bin/../lib/gcc/avr/4.1.1/../../../../avr/lib/avr4\libm.a(fp_split.o)
                0x00000378                __fp_split3
                0x0000037e                __fp_split2
                0x00000390                __fp_split1
                0x000003ac                __fp_split_a
 .text.fplib    0x000003ca        0xa c:/winavr/bin/../lib/gcc/avr/4.1.1/../../../../avr/lib/avr4\libm.a(fp_zero.o)
                0x000003ca                __fp_zero
                0x000003d0                __fp_zerox
 .text.fplib    0x000003d4        0x6 c:/winavr/bin/../lib/gcc/avr/4.1.1/../../../../avr/lib/avr4\libm.a(fp_nan.o)
                0x000003d4                __fp_nanERANGE
                0x000003d4                __fp_nan
                0x000003d4                __fp_nanEDOM
                0x000003d4                __fp_nanx
 .text.libgcc   0x000003da        0x0 c:/winavr/bin/../lib/gcc/avr/4.1.1/avr4\libgcc.a(_copy_data.o)
 .text.libgcc   0x000003da        0x0 c:/winavr/bin/../lib/gcc/avr/4.1.1/avr4\libgcc.a(_clear_bss.o)
                0x000003da                . = ALIGN (0x2)
 *(.fini9)
 *(.fini9)
 *(.fini8)
 *(.fini8)
 *(.fini7)
 *(.fini7)
 *(.fini6)
 *(.fini6)
 *(.fini5)
 *(.fini5)
 *(.fini4)
 *(.fini4)
 *(.fini3)
 *(.fini3)
 *(.fini2)
 *(.fini2)
 *(.fini1)
 *(.fini1)
 *(.fini0)
 *(.fini0)
                0x000003da                _etext = .

.data           0x00800100        0x0 load address 0x000003da
                0x00800100                PROVIDE (__data_start, .)
 *(.data)
 .data          0x00800100        0x0 c:/winavr/bin/../lib/gcc/avr/4.1.1/../../../../avr/lib/avr4/crtm48.o
 .data          0x00800100        0x0 main.o
 .data          0x00800100        0x0 timer1PWM.o
 .data          0x00800100        0x0 c:/winavr/bin/../lib/gcc/avr/4.1.1/../../../../avr/lib/avr4\libm.a(addsf3.o)
 .data          0x00800100        0x0 c:/winavr/bin/../lib/gcc/avr/4.1.1/../../../../avr/lib/avr4\libm.a(addsf3x.o)
 .data          0x00800100        0x0 c:/winavr/bin/../lib/gcc/avr/4.1.1/../../../../avr/lib/avr4\libm.a(fixsfsi.o)
 .data          0x00800100        0x0 c:/winavr/bin/../lib/gcc/avr/4.1.1/../../../../avr/lib/avr4\libm.a(fp_merge.o)
 .data          0x00800100        0x0 c:/winavr/bin/../lib/gcc/avr/4.1.1/../../../../avr/lib/avr4\libm.a(fp_split.o)
 .data          0x00800100        0x0 c:/winavr/bin/../lib/gcc/avr/4.1.1/../../../../avr/lib/avr4\libm.a(fp_zero.o)
 .data          0x00800100        0x0 c:/winavr/bin/../lib/gcc/avr/4.1.1/../../../../avr/lib/avr4\libm.a(fp_nan.o)
 .data          0x00800100        0x0 c:/winavr/bin/../lib/gcc/avr/4.1.1/avr4\libgcc.a(_copy_data.o)
 .data          0x00800100        0x0 c:/winavr/bin/../lib/gcc/avr/4.1.1/avr4\libgcc.a(_clear_bss.o)
 *(.data*)
 *(.rodata)
 *(.rodata*)
 *(.gnu.linkonce.d*)
                0x00800100                . = ALIGN (0x2)
                0x00800100                _edata = .
                0x00800100                PROVIDE (__data_end, .)

.bss            0x00800100        0x0
                0x00800100                PROVIDE (__bss_start, .)
 *(.bss)
 .bss           0x00800100        0x0 c:/winavr/bin/../lib/gcc/avr/4.1.1/../../../../avr/lib/avr4/crtm48.o
 .bss           0x00800100        0x0 main.o
 .bss           0x00800100        0x0 timer1PWM.o
 .bss           0x00800100        0x0 c:/winavr/bin/../lib/gcc/avr/4.1.1/../../../../avr/lib/avr4\libm.a(addsf3.o)
 .bss           0x00800100        0x0 c:/winavr/bin/../lib/gcc/avr/4.1.1/../../../../avr/lib/avr4\libm.a(addsf3x.o)
 .bss           0x00800100        0x0 c:/winavr/bin/../lib/gcc/avr/4.1.1/../../../../avr/lib/avr4\libm.a(fixsfsi.o)
 .bss           0x00800100        0x0 c:/winavr/bin/../lib/gcc/avr/4.1.1/../../../../avr/lib/avr4\libm.a(fp_merge.o)
 .bss           0x00800100        0x0 c:/winavr/bin/../lib/gcc/avr/4.1.1/../../../../avr/lib/avr4\libm.a(fp_split.o)
 .bss           0x00800100        0x0 c:/winavr/bin/../lib/gcc/avr/4.1.1/../../../../avr/lib/avr4\libm.a(fp_zero.o)
 .bss           0x00800100        0x0 c:/winavr/bin/../lib/gcc/avr/4.1.1/../../../../avr/lib/avr4\libm.a(fp_nan.o)
 .bss           0x00800100        0x0 c:/winavr/bin/../lib/gcc/avr/4.1.1/avr4\libgcc.a(_copy_data.o)
 .bss           0x00800100        0x0 c:/winavr/bin/../lib/gcc/avr/4.1.1/avr4\libgcc.a(_clear_bss.o)
 *(.bss*)
 *(COMMON)
                0x00800100                PROVIDE (__bss_end, .)
                0x000003da                __data_load_start = LOADADDR (.data)
                0x000003da                __data_load_end = (__data_load_start + SIZEOF (.data))

.noinit         0x00800100        0x0
                0x00800100                PROVIDE (__noinit_start, .)
 *(.noinit*)
                0x00800100                PROVIDE (__noinit_end, .)
                0x00800100                _end = .
                0x00800100                PROVIDE (__heap_start, .)

.eeprom         0x00810000        0x0
 *(.eeprom*)
                0x00810000                __eeprom_end = .

.stab           0x00000000      0x36c
 *(.stab)
 .stab          0x00000000      0x36c c:/winavr/bin/../lib/gcc/avr/4.1.1/../../../../avr/lib/avr4/crtm48.o

.stabstr        0x00000000       0x84
 *(.stabstr)
 .stabstr       0x00000000       0x84 c:/winavr/bin/../lib/gcc/avr/4.1.1/../../../../avr/lib/avr4/crtm48.o

.stab.excl
 *(.stab.excl)

.stab.exclstr
 *(.stab.exclstr)

.stab.index
 *(.stab.index)

.stab.indexstr
 *(.stab.indexstr)

.comment
 *(.comment)

.debug
 *(.debug)

.line
 *(.line)

.debug_srcinfo
 *(.debug_srcinfo)

.debug_sfnames
 *(.debug_sfnames)

.debug_aranges  0x00000000       0x40
 *(.debug_aranges)
 .debug_aranges
                0x00000000       0x20 main.o
 .debug_aranges
                0x00000020       0x20 timer1PWM.o

.debug_pubnames
                0x00000000       0xe2
 *(.debug_pubnames)
 .debug_pubnames
                0x00000000       0x36 main.o
 .debug_pubnames
                0x00000036       0xac timer1PWM.o

.debug_info     0x00000000      0x402
 *(.debug_info)
 .debug_info    0x00000000      0x19d main.o
 .debug_info    0x0000019d      0x265 timer1PWM.o
 *(.gnu.linkonce.wi.*)

.debug_abbrev   0x00000000      0x1d5
 *(.debug_abbrev)
 .debug_abbrev  0x00000000       0xc4 main.o
 .debug_abbrev  0x000000c4      0x111 timer1PWM.o

.debug_line     0x00000000      0x332
 *(.debug_line)
 .debug_line    0x00000000      0x1a3 main.o
 .debug_line    0x000001a3      0x18f timer1PWM.o

.debug_frame    0x00000000      0x110
 *(.debug_frame)
 .debug_frame   0x00000000       0x40 main.o
 .debug_frame   0x00000040       0xd0 timer1PWM.o

.debug_str      0x00000000      0x149
 *(.debug_str)
 .debug_str     0x00000000       0xc5 main.o
                                 0xf9 (size before relaxing)
 .debug_str     0x000000c5       0x84 timer1PWM.o
                                0x141 (size before relaxing)

.debug_loc      0x00000000       0xf8
 *(.debug_loc)
 .debug_loc     0x00000000       0x98 main.o
 .debug_loc     0x00000098       0x60 timer1PWM.o

.debug_macinfo
 *(.debug_macinfo)
OUTPUT(main.elf elf32-avr)
LOAD linker stubs

Cross Reference Table

Symbol                                            File
__addsf3                                          c:/winavr/bin/../lib/gcc/avr/4.1.1/../../../../avr/lib/avr4\libm.a(addsf3.o)
                                                  main.o
__addsf3x                                         c:/winavr/bin/../lib/gcc/avr/4.1.1/../../../../avr/lib/avr4\libm.a(addsf3x.o)
                                                  c:/winavr/bin/../lib/gcc/avr/4.1.1/../../../../avr/lib/avr4\libm.a(addsf3.o)
__bad_interrupt                                   c:/winavr/bin/../lib/gcc/avr/4.1.1/../../../../avr/lib/avr4/crtm48.o
__bss_end                                         c:/winavr/bin/../lib/gcc/avr/4.1.1/avr4\libgcc.a(_clear_bss.o)
__bss_start                                       c:/winavr/bin/../lib/gcc/avr/4.1.1/avr4\libgcc.a(_clear_bss.o)
__data_end                                        c:/winavr/bin/../lib/gcc/avr/4.1.1/avr4\libgcc.a(_copy_data.o)
__data_load_start                                 c:/winavr/bin/../lib/gcc/avr/4.1.1/avr4\libgcc.a(_copy_data.o)
__data_start                                      c:/winavr/bin/../lib/gcc/avr/4.1.1/avr4\libgcc.a(_copy_data.o)
__do_clear_bss                                    c:/winavr/bin/../lib/gcc/avr/4.1.1/avr4\libgcc.a(_clear_bss.o)
                                                  timer1PWM.o
                                                  main.o
__do_copy_data                                    c:/winavr/bin/../lib/gcc/avr/4.1.1/avr4\libgcc.a(_copy_data.o)
                                                  timer1PWM.o
                                                  main.o
__fixsfsi                                         c:/winavr/bin/../lib/gcc/avr/4.1.1/../../../../avr/lib/avr4\libm.a(fixsfsi.o)
__fixunssfsi                                      c:/winavr/bin/../lib/gcc/avr/4.1.1/../../../../avr/lib/avr4\libm.a(fixsfsi.o)
                                                  main.o
__fp_lneg                                         c:/winavr/bin/../lib/gcc/avr/4.1.1/../../../../avr/lib/avr4\libm.a(fixsfsi.o)
__fp_merge                                        c:/winavr/bin/../lib/gcc/avr/4.1.1/../../../../avr/lib/avr4\libm.a(fp_merge.o)
                                                  c:/winavr/bin/../lib/gcc/avr/4.1.1/../../../../avr/lib/avr4\libm.a(addsf3.o)
__fp_nan                                          c:/winavr/bin/../lib/gcc/avr/4.1.1/../../../../avr/lib/avr4\libm.a(fp_nan.o)
                                                  c:/winavr/bin/../lib/gcc/avr/4.1.1/../../../../avr/lib/avr4\libm.a(fp_split.o)
__fp_nanEDOM                                      c:/winavr/bin/../lib/gcc/avr/4.1.1/../../../../avr/lib/avr4\libm.a(fp_nan.o)
__fp_nanERANGE                                    c:/winavr/bin/../lib/gcc/avr/4.1.1/../../../../avr/lib/avr4\libm.a(fp_nan.o)
__fp_nanx                                         c:/winavr/bin/../lib/gcc/avr/4.1.1/../../../../avr/lib/avr4\libm.a(fp_nan.o)
__fp_split1                                       c:/winavr/bin/../lib/gcc/avr/4.1.1/../../../../avr/lib/avr4\libm.a(fp_split.o)
                                                  c:/winavr/bin/../lib/gcc/avr/4.1.1/../../../../avr/lib/avr4\libm.a(fixsfsi.o)
__fp_split2                                       c:/winavr/bin/../lib/gcc/avr/4.1.1/../../../../avr/lib/avr4\libm.a(fp_split.o)
__fp_split3                                       c:/winavr/bin/../lib/gcc/avr/4.1.1/../../../../avr/lib/avr4\libm.a(fp_split.o)
                                                  c:/winavr/bin/../lib/gcc/avr/4.1.1/../../../../avr/lib/avr4\libm.a(addsf3.o)
__fp_split_a                                      c:/winavr/bin/../lib/gcc/avr/4.1.1/../../../../avr/lib/avr4\libm.a(fp_split.o)
__fp_zero                                         c:/winavr/bin/../lib/gcc/avr/4.1.1/../../../../avr/lib/avr4\libm.a(fp_zero.o)
                                                  c:/winavr/bin/../lib/gcc/avr/4.1.1/../../../../avr/lib/avr4\libm.a(fp_merge.o)
                                                  c:/winavr/bin/../lib/gcc/avr/4.1.1/../../../../avr/lib/avr4\libm.a(fixsfsi.o)
__fp_zerox                                        c:/winavr/bin/../lib/gcc/avr/4.1.1/../../../../avr/lib/avr4\libm.a(fp_zero.o)
                                                  c:/winavr/bin/../lib/gcc/avr/4.1.1/../../../../avr/lib/avr4\libm.a(addsf3x.o)
__heap_end                                        c:/winavr/bin/../lib/gcc/avr/4.1.1/../../../../avr/lib/avr4/crtm48.o
__init                                            c:/winavr/bin/../lib/gcc/avr/4.1.1/../../../../avr/lib/avr4/crtm48.o
__stack                                           c:/winavr/bin/../lib/gcc/avr/4.1.1/../../../../avr/lib/avr4/crtm48.o
__subsf3                                          c:/winavr/bin/../lib/gcc/avr/4.1.1/../../../../avr/lib/avr4\libm.a(addsf3.o)
                                                  main.o
__vector_1                                        c:/winavr/bin/../lib/gcc/avr/4.1.1/../../../../avr/lib/avr4/crtm48.o
__vector_10                                       c:/winavr/bin/../lib/gcc/avr/4.1.1/../../../../avr/lib/avr4/crtm48.o
__vector_11                                       c:/winavr/bin/../lib/gcc/avr/4.1.1/../../../../avr/lib/avr4/crtm48.o
__vector_12                                       c:/winavr/bin/../lib/gcc/avr/4.1.1/../../../../avr/lib/avr4/crtm48.o
__vector_13                                       c:/winavr/bin/../lib/gcc/avr/4.1.1/../../../../avr/lib/avr4/crtm48.o
__vector_14                                       c:/winavr/bin/../lib/gcc/avr/4.1.1/../../../../avr/lib/avr4/crtm48.o
__vector_15                                       c:/winavr/bin/../lib/gcc/avr/4.1.1/../../../../avr/lib/avr4/crtm48.o
__vector_16                                       c:/winavr/bin/../lib/gcc/avr/4.1.1/../../../../avr/lib/avr4/crtm48.o
__vector_17                                       c:/winavr/bin/../lib/gcc/avr/4.1.1/../../../../avr/lib/avr4/crtm48.o
__vector_18                                       c:/winavr/bin/../lib/gcc/avr/4.1.1/../../../../avr/lib/avr4/crtm48.o
__vector_19                                       c:/winavr/bin/../lib/gcc/avr/4.1.1/../../../../avr/lib/avr4/crtm48.o
__vector_2                                        c:/winavr/bin/../lib/gcc/avr/4.1.1/../../../../avr/lib/avr4/crtm48.o
__vector_20                                       c:/winavr/bin/../lib/gcc/avr/4.1.1/../../../../avr/lib/avr4/crtm48.o
__vector_21                                       c:/winavr/bin/../lib/gcc/avr/4.1.1/../../../../avr/lib/avr4/crtm48.o
__vector_22                                       c:/winavr/bin/../lib/gcc/avr/4.1.1/../../../../avr/lib/avr4/crtm48.o
__vector_23                                       c:/winavr/bin/../lib/gcc/avr/4.1.1/../../../../avr/lib/avr4/crtm48.o
__vector_24                                       c:/winavr/bin/../lib/gcc/avr/4.1.1/../../../../avr/lib/avr4/crtm48.o
__vector_25                                       c:/winavr/bin/../lib/gcc/avr/4.1.1/../../../../avr/lib/avr4/crtm48.o
__vector_3                                        c:/winavr/bin/../lib/gcc/avr/4.1.1/../../../../avr/lib/avr4/crtm48.o
__vector_4                                        c:/winavr/bin/../lib/gcc/avr/4.1.1/../../../../avr/lib/avr4/crtm48.o
__vector_5                                        c:/winavr/bin/../lib/gcc/avr/4.1.1/../../../../avr/lib/avr4/crtm48.o
__vector_6                                        c:/winavr/bin/../lib/gcc/avr/4.1.1/../../../../avr/lib/avr4/crtm48.o
__vector_7                                        c:/winavr/bin/../lib/gcc/avr/4.1.1/../../../../avr/lib/avr4/crtm48.o
__vector_8                                        c:/winavr/bin/../lib/gcc/avr/4.1.1/../../../../avr/lib/avr4/crtm48.o
__vector_9                                        c:/winavr/bin/../lib/gcc/avr/4.1.1/../../../../avr/lib/avr4/crtm48.o
__vector_default                                  c:/winavr/bin/../lib/gcc/avr/4.1.1/../../../../avr/lib/avr4/crtm48.o
__vectors                                         c:/winavr/bin/../lib/gcc/avr/4.1.1/../../../../avr/lib/avr4/crtm48.o
initPWM                                           timer1PWM.o
                                                  main.o
initPWM08                                         timer1PWM.o
initPWM09                                         timer1PWM.o
initPWM10                                         timer1PWM.o
main                                              main.o
                                                  c:/winavr/bin/../lib/gcc/avr/4.1.1/../../../../avr/lib/avr4/crtm48.o
setCHA                                            timer1PWM.o
                                                  main.o
setCHA08                                          timer1PWM.o
setCHA09                                          timer1PWM.o
setCHA10                                          timer1PWM.o
setCHB                                            timer1PWM.o
                                                  main.o
setCHB08                                          timer1PWM.o
setCHB09                                          timer1PWM.o
setCHB10                                          timer1PWM.o
slowstart                                         main.o
slowstop                                          main.o
