Archive member included because of file (symbol)

c:/winavr-20070525/bin/../lib/gcc/avr/4.1.2/avr5\libgcc.a(_exit.o)
                              c:/winavr-20070525/bin/../lib/gcc/avr/4.1.2/../../../../avr/lib/avr5/crtm644.o (exit)
c:/winavr-20070525/bin/../lib/gcc/avr/4.1.2/avr5\libgcc.a(_copy_data.o)
                              m_o_firmware.o (__do_copy_data)
c:/winavr-20070525/bin/../lib/gcc/avr/4.1.2/avr5\libgcc.a(_clear_bss.o)
                              m_o_firmware.o (__do_clear_bss)
c:/winavr-20070525/bin/../lib/gcc/avr/4.1.2/../../../../avr/lib/avr5\libc.a(strcpy.o)
                              uart.o (strcpy)
c:/winavr-20070525/bin/../lib/gcc/avr/4.1.2/../../../../avr/lib/avr5\libc.a(strncmp.o)
                              m_o_firmware.o (strncmp)

Allocating common symbols
Common symbol       size              file

x                   0x8               m_o_firmware.o
prtc                0x1               avr40pio.o
prtd                0x1               avr40pio.o
dird                0x1               avr40pio.o
dirb                0x1               avr40pio.o
prtb                0x1               avr40pio.o
prta                0x1               avr40pio.o
dirc                0x1               avr40pio.o
s                   0x1               m_o_firmware.o
dira                0x1               avr40pio.o
str                 0x32              m_o_firmware.o

Discarded input sections

 .stabstr       0x00000000        0x0 c:/winavr-20070525/bin/../lib/gcc/avr/4.1.2/../../../../avr/lib/avr5/crtm644.o

Memory Configuration

Name             Origin             Length             Attributes
text             0x00000000         0x00020000         xr
data             0x00800060         0x0000ffa0         rw !x
eeprom           0x00810000         0x00010000         rw !x
*default*        0x00000000         0xffffffff

Linker script and memory map

Address of section .data set to 0x800100
LOAD c:/winavr-20070525/bin/../lib/gcc/avr/4.1.2/../../../../avr/lib/avr5/crtm644.o
LOAD m_o_firmware.o
LOAD avr40pio.o
LOAD uart.o
LOAD timer1pwm.o
LOAD motors.o
LOAD c:/winavr-20070525/bin/../lib/gcc/avr/4.1.2/../../../../avr/lib/avr5\libm.a
LOAD c:/winavr-20070525/bin/../lib/gcc/avr/4.1.2/avr5\libgcc.a
LOAD c:/winavr-20070525/bin/../lib/gcc/avr/4.1.2/../../../../avr/lib/avr5\libc.a
LOAD c:/winavr-20070525/bin/../lib/gcc/avr/4.1.2/avr5\libgcc.a

.hash
 *(.hash)

.dynsym
 *(.dynsym)

.dynstr
 *(.dynstr)

.gnu.version
 *(.gnu.version)

.gnu.version_d
 *(.gnu.version_d)

.gnu.version_r
 *(.gnu.version_r)

.rel.init
 *(.rel.init)

.rela.init
 *(.rela.init)

.rel.text
 *(.rel.text)
 *(.rel.text.*)
 *(.rel.gnu.linkonce.t*)

.rela.text
 *(.rela.text)
 *(.rela.text.*)
 *(.rela.gnu.linkonce.t*)

.rel.fini
 *(.rel.fini)

.rela.fini
 *(.rela.fini)

.rel.rodata
 *(.rel.rodata)
 *(.rel.rodata.*)
 *(.rel.gnu.linkonce.r*)

.rela.rodata
 *(.rela.rodata)
 *(.rela.rodata.*)
 *(.rela.gnu.linkonce.r*)

.rel.data
 *(.rel.data)
 *(.rel.data.*)
 *(.rel.gnu.linkonce.d*)

.rela.data
 *(.rela.data)
 *(.rela.data.*)
 *(.rela.gnu.linkonce.d*)

.rel.ctors
 *(.rel.ctors)

.rela.ctors
 *(.rela.ctors)

.rel.dtors
 *(.rel.dtors)

.rela.dtors
 *(.rela.dtors)

.rel.got
 *(.rel.got)

.rela.got
 *(.rela.got)

.rel.bss
 *(.rel.bss)

.rela.bss
 *(.rela.bss)

.rel.plt
 *(.rel.plt)

.rela.plt
 *(.rela.plt)

.text           0x00000000      0xfe2
 *(.vectors)
 .vectors       0x00000000       0x70 c:/winavr-20070525/bin/../lib/gcc/avr/4.1.2/../../../../avr/lib/avr5/crtm644.o
                0x00000000                __vectors
                0x00000000                __vector_default
 *(.vectors)
 *(.progmem.gcc*)
 *(.progmem*)
                0x00000070                . = ALIGN (0x2)
                0x00000070                __trampolines_start = .
 *(.trampolines)
 .trampolines   0x00000070        0x0 linker stubs
 *(.trampolines*)
                0x00000070                __trampolines_end = .
 *(.jumptables)
 *(.jumptables*)
 *(.lowtext)
 *(.lowtext*)
                0x00000070                __ctors_start = .
 *(.ctors)
                0x00000070                __ctors_end = .
                0x00000070                __dtors_start = .
 *(.dtors)
                0x00000070                __dtors_end = .
 SORT(*)(.ctors)
 SORT(*)(.dtors)
 *(.init0)
 .init0         0x00000070        0x0 c:/winavr-20070525/bin/../lib/gcc/avr/4.1.2/../../../../avr/lib/avr5/crtm644.o
                0x00000070                __init
 *(.init0)
 *(.init1)
 *(.init1)
 *(.init2)
 .init2         0x00000070        0xc c:/winavr-20070525/bin/../lib/gcc/avr/4.1.2/../../../../avr/lib/avr5/crtm644.o
 *(.init2)
 *(.init3)
 *(.init3)
 *(.init4)
 .init4         0x0000007c       0x16 c:/winavr-20070525/bin/../lib/gcc/avr/4.1.2/avr5\libgcc.a(_copy_data.o)
                0x0000007c                __do_copy_data
 .init4         0x00000092       0x10 c:/winavr-20070525/bin/../lib/gcc/avr/4.1.2/avr5\libgcc.a(_clear_bss.o)
                0x00000092                __do_clear_bss
 *(.init4)
 *(.init5)
 *(.init5)
 *(.init6)
 *(.init6)
 *(.init7)
 *(.init7)
 *(.init8)
 *(.init8)
 *(.init9)
 .init9         0x000000a2        0x8 c:/winavr-20070525/bin/../lib/gcc/avr/4.1.2/../../../../avr/lib/avr5/crtm644.o
 *(.init9)
 *(.text)
 .text          0x000000aa        0x4 c:/winavr-20070525/bin/../lib/gcc/avr/4.1.2/../../../../avr/lib/avr5/crtm644.o
                0x000000aa                __vector_22
                0x000000aa                __vector_1
                0x000000aa                __vector_24
                0x000000aa                __vector_12
                0x000000aa                __bad_interrupt
                0x000000aa                __vector_6
                0x000000aa                __vector_3
                0x000000aa                __vector_23
                0x000000aa                __vector_25
                0x000000aa                __vector_11
                0x000000aa                __vector_13
                0x000000aa                __vector_17
                0x000000aa                __vector_19
                0x000000aa                __vector_7
                0x000000aa                __vector_27
                0x000000aa                __vector_5
                0x000000aa                __vector_4
                0x000000aa                __vector_9
                0x000000aa                __vector_2
                0x000000aa                __vector_21
                0x000000aa                __vector_15
                0x000000aa                __vector_8
                0x000000aa                __vector_26
                0x000000aa                __vector_14
                0x000000aa                __vector_10
                0x000000aa                __vector_16
                0x000000aa                __vector_18
                0x000000aa                __vector_20
 .text          0x000000ae      0x10e m_o_firmware.o
                0x000000ae                main
 .text          0x000001bc      0x43a avr40pio.o
                0x0000059e                getIOA
                0x000004ae                setIOC
                0x000001de                setDIRA
                0x000005e0                getIOD
                0x00000346                setDIRD
                0x00000436                setIOB
                0x000003be                setIOA
                0x00000256                setDIRB
                0x000005b4                getIOB
                0x000005ca                getIOC
                0x00000526                setIOD
                0x000001bc                initIO
                0x000002ce                setDIRC
 .text          0x000005f6      0x682 uart.o
                0x00000620                rxb
                0x00000610                txb
                0x00000a72                write
                0x00000634                read
                0x000005f6                open
 .text          0x00000c78       0xa0 timer1pwm.o
                0x00000c86                initPWM09
                0x00000cac                setCHB08
                0x00000d00                setCHA
                0x00000cb6                setCHA09
                0x00000cc6                setCHB09
                0x00000c94                initPWM10
                0x00000c78                initPWM08
                0x00000ca2                setCHA08
                0x00000d0a                initPWM
                0x00000ce6                setCHB10
                0x00000cd6                setCHA10
                0x00000cf6                setCHB
 .text          0x00000d18      0x29e motors.o
                0x00000e74                rgh
                0x00000da2                blft
                0x00000f46                fwd
                0x00000f8c                initMotors
                0x00000d5c                brgh
                0x00000e2e                slft
                0x00000f00                bwd
                0x00000de8                srgh
                0x00000d22                stop
                0x00000eba                lft
                0x00000d18                isMoving
 .text          0x00000fb6        0x0 c:/winavr-20070525/bin/../lib/gcc/avr/4.1.2/avr5\libgcc.a(_exit.o)
 .text          0x00000fb6        0x0 c:/winavr-20070525/bin/../lib/gcc/avr/4.1.2/avr5\libgcc.a(_copy_data.o)
 .text          0x00000fb6        0x0 c:/winavr-20070525/bin/../lib/gcc/avr/4.1.2/avr5\libgcc.a(_clear_bss.o)
 .text          0x00000fb6        0xe c:/winavr-20070525/bin/../lib/gcc/avr/4.1.2/../../../../avr/lib/avr5\libc.a(strcpy.o)
                0x00000fb6                strcpy
 .text          0x00000fc4       0x1c c:/winavr-20070525/bin/../lib/gcc/avr/4.1.2/../../../../avr/lib/avr5\libc.a(strncmp.o)
                0x00000fc4                strncmp
                0x00000fe0                . = ALIGN (0x2)
 *(.text.*)
 .text.libgcc   0x00000fe0        0x0 c:/winavr-20070525/bin/../lib/gcc/avr/4.1.2/avr5\libgcc.a(_exit.o)
 .text.libgcc   0x00000fe0        0x0 c:/winavr-20070525/bin/../lib/gcc/avr/4.1.2/avr5\libgcc.a(_copy_data.o)
 .text.libgcc   0x00000fe0        0x0 c:/winavr-20070525/bin/../lib/gcc/avr/4.1.2/avr5\libgcc.a(_clear_bss.o)
                0x00000fe0                . = ALIGN (0x2)
 *(.fini9)
 .fini9         0x00000fe0        0x0 c:/winavr-20070525/bin/../lib/gcc/avr/4.1.2/avr5\libgcc.a(_exit.o)
                0x00000fe0                exit
                0x00000fe0                _exit
 *(.fini9)
 *(.fini8)
 *(.fini8)
 *(.fini7)
 *(.fini7)
 *(.fini6)
 *(.fini6)
 *(.fini5)
 *(.fini5)
 *(.fini4)
 *(.fini4)
 *(.fini3)
 *(.fini3)
 *(.fini2)
 *(.fini2)
 *(.fini1)
 *(.fini1)
 *(.fini0)
 .fini0         0x00000fe0        0x2 c:/winavr-20070525/bin/../lib/gcc/avr/4.1.2/avr5\libgcc.a(_exit.o)
 *(.fini0)
                0x00000fe2                _etext = .

.data           0x00800100       0x2a load address 0x00000fe2
                0x00800100                PROVIDE (__data_start, .)
 *(.data)
 .data          0x00800100        0x0 c:/winavr-20070525/bin/../lib/gcc/avr/4.1.2/../../../../avr/lib/avr5/crtm644.o
 .data          0x00800100       0x29 m_o_firmware.o
 .data          0x00800129        0x0 avr40pio.o
 .data          0x00800129        0x1 uart.o
 .data          0x0080012a        0x0 timer1pwm.o
 .data          0x0080012a        0x0 motors.o
 .data          0x0080012a        0x0 c:/winavr-20070525/bin/../lib/gcc/avr/4.1.2/avr5\libgcc.a(_exit.o)
 .data          0x0080012a        0x0 c:/winavr-20070525/bin/../lib/gcc/avr/4.1.2/avr5\libgcc.a(_copy_data.o)
 .data          0x0080012a        0x0 c:/winavr-20070525/bin/../lib/gcc/avr/4.1.2/avr5\libgcc.a(_clear_bss.o)
 .data          0x0080012a        0x0 c:/winavr-20070525/bin/../lib/gcc/avr/4.1.2/../../../../avr/lib/avr5\libc.a(strcpy.o)
 .data          0x0080012a        0x0 c:/winavr-20070525/bin/../lib/gcc/avr/4.1.2/../../../../avr/lib/avr5\libc.a(strncmp.o)
 *(.data*)
 *(.rodata)
 *(.rodata*)
 *(.gnu.linkonce.d*)
                0x0080012a                . = ALIGN (0x2)
                0x0080012a                _edata = .
                0x0080012a                PROVIDE (__data_end, .)

.bss            0x0080012a       0x45
                0x0080012a                PROVIDE (__bss_start, .)
 *(.bss)
 .bss           0x0080012a        0x0 c:/winavr-20070525/bin/../lib/gcc/avr/4.1.2/../../../../avr/lib/avr5/crtm644.o
 .bss           0x0080012a        0x0 m_o_firmware.o
 .bss           0x0080012a        0x0 avr40pio.o
 .bss           0x0080012a        0x0 uart.o
 .bss           0x0080012a        0x0 timer1pwm.o
 .bss           0x0080012a        0x2 motors.o
                0x0080012a                mv
 .bss           0x0080012c        0x0 c:/winavr-20070525/bin/../lib/gcc/avr/4.1.2/avr5\libgcc.a(_exit.o)
 .bss           0x0080012c        0x0 c:/winavr-20070525/bin/../lib/gcc/avr/4.1.2/avr5\libgcc.a(_copy_data.o)
 .bss           0x0080012c        0x0 c:/winavr-20070525/bin/../lib/gcc/avr/4.1.2/avr5\libgcc.a(_clear_bss.o)
 .bss           0x0080012c        0x0 c:/winavr-20070525/bin/../lib/gcc/avr/4.1.2/../../../../avr/lib/avr5\libc.a(strcpy.o)
 .bss           0x0080012c        0x0 c:/winavr-20070525/bin/../lib/gcc/avr/4.1.2/../../../../avr/lib/avr5\libc.a(strncmp.o)
 *(.bss*)
 *(COMMON)
 COMMON         0x0080012c       0x3b m_o_firmware.o
                0x0080012c                x
                0x00800134                s
                0x00800135                str
 COMMON         0x00800167        0x8 avr40pio.o
                0x00800167                prtc
                0x00800168                prtd
                0x00800169                dird
                0x0080016a                dirb
                0x0080016b                prtb
                0x0080016c                prta
                0x0080016d                dirc
                0x0080016e                dira
                0x0080016f                PROVIDE (__bss_end, .)
                0x00000fe2                __data_load_start = LOADADDR (.data)
                0x0000100c                __data_load_end = (__data_load_start + SIZEOF (.data))

.noinit         0x0080016f        0x0
                0x0080016f                PROVIDE (__noinit_start, .)
 *(.noinit*)
                0x0080016f                PROVIDE (__noinit_end, .)
                0x0080016f                _end = .
                0x0080016f                PROVIDE (__heap_start, .)

.eeprom         0x00810000        0x0
 *(.eeprom*)
                0x00810000                __eeprom_end = .

.stab           0x00000000      0x378
 *(.stab)
 .stab          0x00000000      0x378 c:/winavr-20070525/bin/../lib/gcc/avr/4.1.2/../../../../avr/lib/avr5/crtm644.o

.stabstr        0x00000000       0x71
 *(.stabstr)
 .stabstr       0x00000000       0x71 c:/winavr-20070525/bin/../lib/gcc/avr/4.1.2/../../../../avr/lib/avr5/crtm644.o

.stab.excl
 *(.stab.excl)

.stab.exclstr
 *(.stab.exclstr)

.stab.index
 *(.stab.index)

.stab.indexstr
 *(.stab.indexstr)

.comment
 *(.comment)

.debug
 *(.debug)

.line
 *(.line)

.debug_srcinfo
 *(.debug_srcinfo)

.debug_sfnames
 *(.debug_sfnames)

.debug_aranges  0x00000000       0xa0
 *(.debug_aranges)
 .debug_aranges
                0x00000000       0x20 m_o_firmware.o
 .debug_aranges
                0x00000020       0x20 avr40pio.o
 .debug_aranges
                0x00000040       0x20 uart.o
 .debug_aranges
                0x00000060       0x20 timer1pwm.o
 .debug_aranges
                0x00000080       0x20 motors.o

.debug_pubnames
                0x00000000      0x2e4
 *(.debug_pubnames)
 .debug_pubnames
                0x00000000       0x2f m_o_firmware.o
 .debug_pubnames
                0x0000002f       0xed avr40pio.o
 .debug_pubnames
                0x0000011c       0x52 uart.o
 .debug_pubnames
                0x0000016e       0xac timer1pwm.o
 .debug_pubnames
                0x0000021a       0xca motors.o

.debug_info     0x00000000      0xb40
 *(.debug_info)
 .debug_info    0x00000000       0xdc m_o_firmware.o
 .debug_info    0x000000dc      0x365 avr40pio.o
 .debug_info    0x00000441      0x210 uart.o
 .debug_info    0x00000651      0x265 timer1pwm.o
 .debug_info    0x000008b6      0x28a motors.o
 *(.gnu.linkonce.wi.*)

.debug_abbrev   0x00000000      0x425
 *(.debug_abbrev)
 .debug_abbrev  0x00000000       0x80 m_o_firmware.o
 .debug_abbrev  0x00000080       0xab avr40pio.o
 .debug_abbrev  0x0000012b      0x127 uart.o
 .debug_abbrev  0x00000252      0x111 timer1pwm.o
 .debug_abbrev  0x00000363       0xc2 motors.o

.debug_line     0x00000000      0xa84
 *(.debug_line)
 .debug_line    0x00000000      0x147 m_o_firmware.o
 .debug_line    0x00000147      0x287 avr40pio.o
 .debug_line    0x000003ce      0x1f3 uart.o
 .debug_line    0x000005c1      0x198 timer1pwm.o
 .debug_line    0x00000759      0x32b motors.o

.debug_frame    0x00000000      0x2f0
 *(.debug_frame)
 .debug_frame   0x00000000       0x20 m_o_firmware.o
 .debug_frame   0x00000020       0xe0 avr40pio.o
 .debug_frame   0x00000100       0x60 uart.o
 .debug_frame   0x00000160       0xd0 timer1pwm.o
 .debug_frame   0x00000230       0xc0 motors.o

.debug_str      0x00000000      0x25c
 *(.debug_str)
 .debug_str     0x00000000       0xb8 m_o_firmware.o
                                 0xec (size before relaxing)
 .debug_str     0x000000b8       0xaa avr40pio.o
                                0x172 (size before relaxing)
 .debug_str     0x00000162       0x40 uart.o
                                0x11e (size before relaxing)
 .debug_str     0x000001a2       0x84 timer1pwm.o
                                0x155 (size before relaxing)
 .debug_str     0x00000226       0x36 motors.o
                                0x12e (size before relaxing)

.debug_loc      0x00000000      0x533
 *(.debug_loc)
 .debug_loc     0x00000000      0x194 avr40pio.o
 .debug_loc     0x00000194      0x24f uart.o
 .debug_loc     0x000003e3       0x60 timer1pwm.o
 .debug_loc     0x00000443       0xf0 motors.o

.debug_macinfo
 *(.debug_macinfo)
OUTPUT(m_o_firmware.elf elf32-avr)
LOAD linker stubs

Cross Reference Table

Symbol                                            File
__bad_interrupt                                   c:/winavr-20070525/bin/../lib/gcc/avr/4.1.2/../../../../avr/lib/avr5/crtm644.o
__bss_end                                         c:/winavr-20070525/bin/../lib/gcc/avr/4.1.2/avr5\libgcc.a(_clear_bss.o)
__bss_start                                       c:/winavr-20070525/bin/../lib/gcc/avr/4.1.2/avr5\libgcc.a(_clear_bss.o)
__data_end                                        c:/winavr-20070525/bin/../lib/gcc/avr/4.1.2/avr5\libgcc.a(_copy_data.o)
__data_load_start                                 c:/winavr-20070525/bin/../lib/gcc/avr/4.1.2/avr5\libgcc.a(_copy_data.o)
__data_start                                      c:/winavr-20070525/bin/../lib/gcc/avr/4.1.2/avr5\libgcc.a(_copy_data.o)
__do_clear_bss                                    c:/winavr-20070525/bin/../lib/gcc/avr/4.1.2/avr5\libgcc.a(_clear_bss.o)
                                                  motors.o
                                                  timer1pwm.o
                                                  uart.o
                                                  avr40pio.o
                                                  m_o_firmware.o
__do_copy_data                                    c:/winavr-20070525/bin/../lib/gcc/avr/4.1.2/avr5\libgcc.a(_copy_data.o)
                                                  motors.o
                                                  timer1pwm.o
                                                  uart.o
                                                  avr40pio.o
                                                  m_o_firmware.o
__heap_end                                        c:/winavr-20070525/bin/../lib/gcc/avr/4.1.2/../../../../avr/lib/avr5/crtm644.o
__init                                            c:/winavr-20070525/bin/../lib/gcc/avr/4.1.2/../../../../avr/lib/avr5/crtm644.o
__stack                                           c:/winavr-20070525/bin/../lib/gcc/avr/4.1.2/../../../../avr/lib/avr5/crtm644.o
__vector_1                                        c:/winavr-20070525/bin/../lib/gcc/avr/4.1.2/../../../../avr/lib/avr5/crtm644.o
__vector_10                                       c:/winavr-20070525/bin/../lib/gcc/avr/4.1.2/../../../../avr/lib/avr5/crtm644.o
__vector_11                                       c:/winavr-20070525/bin/../lib/gcc/avr/4.1.2/../../../../avr/lib/avr5/crtm644.o
__vector_12                                       c:/winavr-20070525/bin/../lib/gcc/avr/4.1.2/../../../../avr/lib/avr5/crtm644.o
__vector_13                                       c:/winavr-20070525/bin/../lib/gcc/avr/4.1.2/../../../../avr/lib/avr5/crtm644.o
__vector_14                                       c:/winavr-20070525/bin/../lib/gcc/avr/4.1.2/../../../../avr/lib/avr5/crtm644.o
__vector_15                                       c:/winavr-20070525/bin/../lib/gcc/avr/4.1.2/../../../../avr/lib/avr5/crtm644.o
__vector_16                                       c:/winavr-20070525/bin/../lib/gcc/avr/4.1.2/../../../../avr/lib/avr5/crtm644.o
__vector_17                                       c:/winavr-20070525/bin/../lib/gcc/avr/4.1.2/../../../../avr/lib/avr5/crtm644.o
__vector_18                                       c:/winavr-20070525/bin/../lib/gcc/avr/4.1.2/../../../../avr/lib/avr5/crtm644.o
__vector_19                                       c:/winavr-20070525/bin/../lib/gcc/avr/4.1.2/../../../../avr/lib/avr5/crtm644.o
__vector_2                                        c:/winavr-20070525/bin/../lib/gcc/avr/4.1.2/../../../../avr/lib/avr5/crtm644.o
__vector_20                                       c:/winavr-20070525/bin/../lib/gcc/avr/4.1.2/../../../../avr/lib/avr5/crtm644.o
__vector_21                                       c:/winavr-20070525/bin/../lib/gcc/avr/4.1.2/../../../../avr/lib/avr5/crtm644.o
__vector_22                                       c:/winavr-20070525/bin/../lib/gcc/avr/4.1.2/../../../../avr/lib/avr5/crtm644.o
__vector_23                                       c:/winavr-20070525/bin/../lib/gcc/avr/4.1.2/../../../../avr/lib/avr5/crtm644.o
__vector_24                                       c:/winavr-20070525/bin/../lib/gcc/avr/4.1.2/../../../../avr/lib/avr5/crtm644.o
__vector_25                                       c:/winavr-20070525/bin/../lib/gcc/avr/4.1.2/../../../../avr/lib/avr5/crtm644.o
__vector_26                                       c:/winavr-20070525/bin/../lib/gcc/avr/4.1.2/../../../../avr/lib/avr5/crtm644.o
__vector_27                                       c:/winavr-20070525/bin/../lib/gcc/avr/4.1.2/../../../../avr/lib/avr5/crtm644.o
__vector_3                                        c:/winavr-20070525/bin/../lib/gcc/avr/4.1.2/../../../../avr/lib/avr5/crtm644.o
__vector_4                                        c:/winavr-20070525/bin/../lib/gcc/avr/4.1.2/../../../../avr/lib/avr5/crtm644.o
__vector_5                                        c:/winavr-20070525/bin/../lib/gcc/avr/4.1.2/../../../../avr/lib/avr5/crtm644.o
__vector_6                                        c:/winavr-20070525/bin/../lib/gcc/avr/4.1.2/../../../../avr/lib/avr5/crtm644.o
__vector_7                                        c:/winavr-20070525/bin/../lib/gcc/avr/4.1.2/../../../../avr/lib/avr5/crtm644.o
__vector_8                                        c:/winavr-20070525/bin/../lib/gcc/avr/4.1.2/../../../../avr/lib/avr5/crtm644.o
__vector_9                                        c:/winavr-20070525/bin/../lib/gcc/avr/4.1.2/../../../../avr/lib/avr5/crtm644.o
__vector_default                                  c:/winavr-20070525/bin/../lib/gcc/avr/4.1.2/../../../../avr/lib/avr5/crtm644.o
__vectors                                         c:/winavr-20070525/bin/../lib/gcc/avr/4.1.2/../../../../avr/lib/avr5/crtm644.o
_exit                                             c:/winavr-20070525/bin/../lib/gcc/avr/4.1.2/avr5\libgcc.a(_exit.o)
blft                                              motors.o
                                                  m_o_firmware.o
brgh                                              motors.o
                                                  m_o_firmware.o
bwd                                               motors.o
                                                  m_o_firmware.o
dira                                              motors.o
                                                  avr40pio.o
dirb                                              motors.o
                                                  avr40pio.o
dirc                                              motors.o
                                                  avr40pio.o
dird                                              motors.o
                                                  avr40pio.o
exit                                              c:/winavr-20070525/bin/../lib/gcc/avr/4.1.2/avr5\libgcc.a(_exit.o)
                                                  c:/winavr-20070525/bin/../lib/gcc/avr/4.1.2/../../../../avr/lib/avr5/crtm644.o
fwd                                               motors.o
                                                  m_o_firmware.o
getIOA                                            avr40pio.o
getIOB                                            avr40pio.o
getIOC                                            avr40pio.o
getIOD                                            avr40pio.o
initIO                                            avr40pio.o
                                                  motors.o
initMotors                                        motors.o
                                                  m_o_firmware.o
initPWM                                           timer1pwm.o
                                                  motors.o
initPWM08                                         timer1pwm.o
initPWM09                                         timer1pwm.o
initPWM10                                         timer1pwm.o
isMoving                                          motors.o
lft                                               motors.o
                                                  m_o_firmware.o
main                                              m_o_firmware.o
                                                  c:/winavr-20070525/bin/../lib/gcc/avr/4.1.2/../../../../avr/lib/avr5/crtm644.o
mv                                                motors.o
open                                              uart.o
                                                  m_o_firmware.o
prta                                              motors.o
                                                  avr40pio.o
prtb                                              motors.o
                                                  avr40pio.o
prtc                                              motors.o
                                                  avr40pio.o
prtd                                              motors.o
                                                  avr40pio.o
read                                              uart.o
                                                  m_o_firmware.o
rgh                                               motors.o
                                                  m_o_firmware.o
rxb                                               uart.o
s                                                 uart.o
                                                  m_o_firmware.o
setCHA                                            timer1pwm.o
                                                  motors.o
setCHA08                                          timer1pwm.o
setCHA09                                          timer1pwm.o
setCHA10                                          timer1pwm.o
setCHB                                            timer1pwm.o
                                                  motors.o
setCHB08                                          timer1pwm.o
setCHB09                                          timer1pwm.o
setCHB10                                          timer1pwm.o
setDIRA                                           avr40pio.o
setDIRB                                           avr40pio.o
                                                  motors.o
setDIRC                                           avr40pio.o
setDIRD                                           avr40pio.o
setIOA                                            avr40pio.o
setIOB                                            avr40pio.o
                                                  motors.o
setIOC                                            avr40pio.o
setIOD                                            avr40pio.o
slft                                              motors.o
                                                  m_o_firmware.o
srgh                                              motors.o
                                                  m_o_firmware.o
stop                                              motors.o
                                                  m_o_firmware.o
str                                               uart.o
                                                  m_o_firmware.o
strcpy                                            c:/winavr-20070525/bin/../lib/gcc/avr/4.1.2/../../../../avr/lib/avr5\libc.a(strcpy.o)
                                                  uart.o
strncmp                                           c:/winavr-20070525/bin/../lib/gcc/avr/4.1.2/../../../../avr/lib/avr5\libc.a(strncmp.o)
                                                  m_o_firmware.o
txb                                               uart.o
write                                             uart.o
x                                                 uart.o
                                                  m_o_firmware.o
